Archive member included to satisfy reference by file (symbol)

c:/st/stm32cubeide_1.9.0/stm32cubeide/plugins/com.st.stm32cube.ide.mcu.externaltools.gnu-tools-for-stm32.10.3-2021.10.win32_1.0.0.202111181127/tools/bin/../lib/gcc/arm-none-eabi/10.3.1/../../../../arm-none-eabi/lib/thumb/v6-m/nofp\libc_nano.a(lib_a-errno.o)
                              ./Core/Src/syscalls.o (__errno)
c:/st/stm32cubeide_1.9.0/stm32cubeide/plugins/com.st.stm32cube.ide.mcu.externaltools.gnu-tools-for-stm32.10.3-2021.10.win32_1.0.0.202111181127/tools/bin/../lib/gcc/arm-none-eabi/10.3.1/../../../../arm-none-eabi/lib/thumb/v6-m/nofp\libc_nano.a(lib_a-exit.o)
                              c:/st/stm32cubeide_1.9.0/stm32cubeide/plugins/com.st.stm32cube.ide.mcu.externaltools.gnu-tools-for-stm32.10.3-2021.10.win32_1.0.0.202111181127/tools/bin/../lib/gcc/arm-none-eabi/10.3.1/../../../../arm-none-eabi/lib/thumb/v6-m/nofp/crt0.o (exit)
c:/st/stm32cubeide_1.9.0/stm32cubeide/plugins/com.st.stm32cube.ide.mcu.externaltools.gnu-tools-for-stm32.10.3-2021.10.win32_1.0.0.202111181127/tools/bin/../lib/gcc/arm-none-eabi/10.3.1/../../../../arm-none-eabi/lib/thumb/v6-m/nofp\libc_nano.a(lib_a-impure.o)
                              c:/st/stm32cubeide_1.9.0/stm32cubeide/plugins/com.st.stm32cube.ide.mcu.externaltools.gnu-tools-for-stm32.10.3-2021.10.win32_1.0.0.202111181127/tools/bin/../lib/gcc/arm-none-eabi/10.3.1/../../../../arm-none-eabi/lib/thumb/v6-m/nofp\libc_nano.a(lib_a-exit.o) (_global_impure_ptr)
c:/st/stm32cubeide_1.9.0/stm32cubeide/plugins/com.st.stm32cube.ide.mcu.externaltools.gnu-tools-for-stm32.10.3-2021.10.win32_1.0.0.202111181127/tools/bin/../lib/gcc/arm-none-eabi/10.3.1/../../../../arm-none-eabi/lib/thumb/v6-m/nofp\libc_nano.a(lib_a-init.o)
                              c:/st/stm32cubeide_1.9.0/stm32cubeide/plugins/com.st.stm32cube.ide.mcu.externaltools.gnu-tools-for-stm32.10.3-2021.10.win32_1.0.0.202111181127/tools/bin/../lib/gcc/arm-none-eabi/10.3.1/../../../../arm-none-eabi/lib/thumb/v6-m/nofp/crt0.o (__libc_init_array)
c:/st/stm32cubeide_1.9.0/stm32cubeide/plugins/com.st.stm32cube.ide.mcu.externaltools.gnu-tools-for-stm32.10.3-2021.10.win32_1.0.0.202111181127/tools/bin/../lib/gcc/arm-none-eabi/10.3.1/../../../../arm-none-eabi/lib/thumb/v6-m/nofp\libc_nano.a(lib_a-memset.o)
                              c:/st/stm32cubeide_1.9.0/stm32cubeide/plugins/com.st.stm32cube.ide.mcu.externaltools.gnu-tools-for-stm32.10.3-2021.10.win32_1.0.0.202111181127/tools/bin/../lib/gcc/arm-none-eabi/10.3.1/../../../../arm-none-eabi/lib/thumb/v6-m/nofp/crt0.o (memset)
c:/st/stm32cubeide_1.9.0/stm32cubeide/plugins/com.st.stm32cube.ide.mcu.externaltools.gnu-tools-for-stm32.10.3-2021.10.win32_1.0.0.202111181127/tools/bin/../lib/gcc/arm-none-eabi/10.3.1/thumb/v6-m/nofp\libgcc.a(_udivsi3.o)
                              ./Core/Src/main.o (__aeabi_uidiv)
c:/st/stm32cubeide_1.9.0/stm32cubeide/plugins/com.st.stm32cube.ide.mcu.externaltools.gnu-tools-for-stm32.10.3-2021.10.win32_1.0.0.202111181127/tools/bin/../lib/gcc/arm-none-eabi/10.3.1/thumb/v6-m/nofp\libgcc.a(_dvmd_tls.o)
                              c:/st/stm32cubeide_1.9.0/stm32cubeide/plugins/com.st.stm32cube.ide.mcu.externaltools.gnu-tools-for-stm32.10.3-2021.10.win32_1.0.0.202111181127/tools/bin/../lib/gcc/arm-none-eabi/10.3.1/thumb/v6-m/nofp\libgcc.a(_udivsi3.o) (__aeabi_idiv0)

Discarded input sections

 .text          0x0000000000000000        0x0 c:/st/stm32cubeide_1.9.0/stm32cubeide/plugins/com.st.stm32cube.ide.mcu.externaltools.gnu-tools-for-stm32.10.3-2021.10.win32_1.0.0.202111181127/tools/bin/../lib/gcc/arm-none-eabi/10.3.1/thumb/v6-m/nofp/crti.o
 .data          0x0000000000000000        0x0 c:/st/stm32cubeide_1.9.0/stm32cubeide/plugins/com.st.stm32cube.ide.mcu.externaltools.gnu-tools-for-stm32.10.3-2021.10.win32_1.0.0.202111181127/tools/bin/../lib/gcc/arm-none-eabi/10.3.1/thumb/v6-m/nofp/crti.o
 .bss           0x0000000000000000        0x0 c:/st/stm32cubeide_1.9.0/stm32cubeide/plugins/com.st.stm32cube.ide.mcu.externaltools.gnu-tools-for-stm32.10.3-2021.10.win32_1.0.0.202111181127/tools/bin/../lib/gcc/arm-none-eabi/10.3.1/thumb/v6-m/nofp/crti.o
 .data          0x0000000000000000        0x4 c:/st/stm32cubeide_1.9.0/stm32cubeide/plugins/com.st.stm32cube.ide.mcu.externaltools.gnu-tools-for-stm32.10.3-2021.10.win32_1.0.0.202111181127/tools/bin/../lib/gcc/arm-none-eabi/10.3.1/thumb/v6-m/nofp/crtbegin.o
 .rodata        0x0000000000000000       0x24 c:/st/stm32cubeide_1.9.0/stm32cubeide/plugins/com.st.stm32cube.ide.mcu.externaltools.gnu-tools-for-stm32.10.3-2021.10.win32_1.0.0.202111181127/tools/bin/../lib/gcc/arm-none-eabi/10.3.1/thumb/v6-m/nofp/crtbegin.o
 .text          0x0000000000000000       0x80 c:/st/stm32cubeide_1.9.0/stm32cubeide/plugins/com.st.stm32cube.ide.mcu.externaltools.gnu-tools-for-stm32.10.3-2021.10.win32_1.0.0.202111181127/tools/bin/../lib/gcc/arm-none-eabi/10.3.1/../../../../arm-none-eabi/lib/thumb/v6-m/nofp/crt0.o
[...]
Memory Configuration

Name             Origin             Length             Attributes
RAM              0x0000000020000000 0x0000000000000800 xrw
FLASH            0x0000000008000000 0x0000000000004000 xr
*default*        0x0000000000000000 0xffffffffffffffff

Linker script and memory map

LOAD c:/st/stm32cubeide_1.9.0/stm32cubeide/plugins/com.st.stm32cube.ide.mcu.externaltools.gnu-tools-for-stm32.10.3-2021.10.win32_1.0.0.202111181127/tools/bin/../lib/gcc/arm-none-eabi/10.3.1/thumb/v6-m/nofp/crti.o
LOAD c:/st/stm32cubeide_1.9.0/stm32cubeide/plugins/com.st.stm32cube.ide.mcu.externaltools.gnu-tools-for-stm32.10.3-2021.10.win32_1.0.0.202111181127/tools/bin/../lib/gcc/arm-none-eabi/10.3.1/thumb/v6-m/nofp/crtbegin.o
LOAD c:/st/stm32cubeide_1.9.0/stm32cubeide/plugins/com.st.stm32cube.ide.mcu.externaltools.gnu-tools-for-stm32.10.3-2021.10.win32_1.0.0.202111181127/tools/bin/../lib/gcc/arm-none-eabi/10.3.1/../../../../arm-none-eabi/lib/thumb/v6-m/nofp/crt0.o
LOAD ./Core/Src/Led.o
LOAD ./Core/Src/Serial.o
LOAD ./Core/Src/TimeBase.o
LOAD ./Core/Src/main.o
LOAD ./Core/Src/stm32l0xx_it.o
LOAD ./Core/Src/syscalls.o
LOAD ./Core/Src/sysmem.o
LOAD ./Core/Src/system_stm32l0xx.o
LOAD ./Core/Startup/startup_stm32l021k4tx.o
LOAD ./Drivers/STM32L0xx_HAL_Driver/Src/stm32l0xx_ll_adc.o
LOAD ./Drivers/STM32L0xx_HAL_Driver/Src/stm32l0xx_ll_dma.o
LOAD ./Drivers/STM32L0xx_HAL_Driver/Src/stm32l0xx_ll_exti.o
LOAD ./Drivers/STM32L0xx_HAL_Driver/Src/stm32l0xx_ll_gpio.o
LOAD ./Drivers/STM32L0xx_HAL_Driver/Src/stm32l0xx_ll_pwr.o
LOAD ./Drivers/STM32L0xx_HAL_Driver/Src/stm32l0xx_ll_rcc.o
LOAD ./Drivers/STM32L0xx_HAL_Driver/Src/stm32l0xx_ll_spi.o
LOAD ./Drivers/STM32L0xx_HAL_Driver/Src/stm32l0xx_ll_tim.o
LOAD ./Drivers/STM32L0xx_HAL_Driver/Src/stm32l0xx_ll_usart.o
LOAD ./Drivers/STM32L0xx_HAL_Driver/Src/stm32l0xx_ll_utils.o
START GROUP
LOAD c:/st/stm32cubeide_1.9.0/stm32cubeide/plugins/com.st.stm32cube.ide.mcu.externaltools.gnu-tools-for-stm32.10.3-2021.10.win32_1.0.0.202111181127/tools/bin/../lib/gcc/arm-none-eabi/10.3.1/../../../../arm-none-eabi/lib/thumb/v6-m/nofp\libc_nano.a
LOAD c:/st/stm32cubeide_1.9.0/stm32cubeide/plugins/com.st.stm32cube.ide.mcu.externaltools.gnu-tools-for-stm32.10.3-2021.10.win32_1.0.0.202111181127/tools/bin/../lib/gcc/arm-none-eabi/10.3.1/../../../../arm-none-eabi/lib/thumb/v6-m/nofp\libm.a
END GROUP
START GROUP
LOAD c:/st/stm32cubeide_1.9.0/stm32cubeide/plugins/com.st.stm32cube.ide.mcu.externaltools.gnu-tools-for-stm32.10.3-2021.10.win32_1.0.0.202111181127/tools/bin/../lib/gcc/arm-none-eabi/10.3.1/thumb/v6-m/nofp\libgcc.a
LOAD c:/st/stm32cubeide_1.9.0/stm32cubeide/plugins/com.st.stm32cube.ide.mcu.externaltools.gnu-tools-for-stm32.10.3-2021.10.win32_1.0.0.202111181127/tools/bin/../lib/gcc/arm-none-eabi/10.3.1/../../../../arm-none-eabi/lib/thumb/v6-m/nofp\libc_nano.a
END GROUP
START GROUP
LOAD c:/st/stm32cubeide_1.9.0/stm32cubeide/plugins/com.st.stm32cube.ide.mcu.externaltools.gnu-tools-for-stm32.10.3-2021.10.win32_1.0.0.202111181127/tools/bin/../lib/gcc/arm-none-eabi/10.3.1/thumb/v6-m/nofp\libgcc.a
LOAD c:/st/stm32cubeide_1.9.0/stm32cubeide/plugins/com.st.stm32cube.ide.mcu.externaltools.gnu-tools-for-stm32.10.3-2021.10.win32_1.0.0.202111181127/tools/bin/../lib/gcc/arm-none-eabi/10.3.1/../../../../arm-none-eabi/lib/thumb/v6-m/nofp\libc_nano.a
LOAD c:/st/stm32cubeide_1.9.0/stm32cubeide/plugins/com.st.stm32cube.ide.mcu.externaltools.gnu-tools-for-stm32.10.3-2021.10.win32_1.0.0.202111181127/tools/bin/../lib/gcc/arm-none-eabi/10.3.1/../../../../arm-none-eabi/lib/thumb/v6-m/nofp\libnosys.a
END GROUP
START GROUP
LOAD c:/st/stm32cubeide_1.9.0/stm32cubeide/plugins/com.st.stm32cube.ide.mcu.externaltools.gnu-tools-for-stm32.10.3-2021.10.win32_1.0.0.202111181127/tools/bin/../lib/gcc/arm-none-eabi/10.3.1/thumb/v6-m/nofp\libgcc.a
LOAD c:/st/stm32cubeide_1.9.0/stm32cubeide/plugins/com.st.stm32cube.ide.mcu.externaltools.gnu-tools-for-stm32.10.3-2021.10.win32_1.0.0.202111181127/tools/bin/../lib/gcc/arm-none-eabi/10.3.1/../../../../arm-none-eabi/lib/thumb/v6-m/nofp\libc_nano.a
LOAD c:/st/stm32cubeide_1.9.0/stm32cubeide/plugins/com.st.stm32cube.ide.mcu.externaltools.gnu-tools-for-stm32.10.3-2021.10.win32_1.0.0.202111181127/tools/bin/../lib/gcc/arm-none-eabi/10.3.1/../../../../arm-none-eabi/lib/thumb/v6-m/nofp\libnosys.a
END GROUP
LOAD c:/st/stm32cubeide_1.9.0/stm32cubeide/plugins/com.st.stm32cube.ide.mcu.externaltools.gnu-tools-for-stm32.10.3-2021.10.win32_1.0.0.202111181127/tools/bin/../lib/gcc/arm-none-eabi/10.3.1/thumb/v6-m/nofp/crtend.o
LOAD c:/st/stm32cubeide_1.9.0/stm32cubeide/plugins/com.st.stm32cube.ide.mcu.externaltools.gnu-tools-for-stm32.10.3-2021.10.win32_1.0.0.202111181127/tools/bin/../lib/gcc/arm-none-eabi/10.3.1/thumb/v6-m/nofp/crtn.o
                0x0000000020000800                _estack = (ORIGIN (RAM) + LENGTH (RAM))
                0x0000000000000200                _Min_Heap_Size = 0x200
                0x0000000000000400                _Min_Stack_Size = 0x400

.isr_vector     0x0000000008000000       0xc0
                0x0000000008000000                . = ALIGN (0x4)
 *(.isr_vector)
 .isr_vector    0x0000000008000000       0xc0 ./Core/Startup/startup_stm32l021k4tx.o
                0x0000000008000000                g_pfnVectors
                0x00000000080000c0                . = ALIGN (0x4)

.text           0x00000000080000c0     0x1f08
                0x00000000080000c0                . = ALIGN (0x4)
 *(.text)
 .text          0x00000000080000c0       0x48 c:/st/stm32cubeide_1.9.0/stm32cubeide/plugins/com.st.stm32cube.ide.mcu.externaltools.gnu-tools-for-stm32.10.3-2021.10.win32_1.0.0.202111181127/tools/bin/../lib/gcc/arm-none-eabi/10.3.1/thumb/v6-m/nofp/crtbegin.o
 .text          0x0000000008000108      0x114 c:/st/stm32cubeide_1.9.0/stm32cubeide/plugins/com.st.stm32cube.ide.mcu.externaltools.gnu-tools-for-stm32.10.3-2021.10.win32_1.0.0.202111181127/tools/bin/../lib/gcc/arm-none-eabi/10.3.1/thumb/v6-m/nofp\libgcc.a(_udivsi3.o)
                0x0000000008000108                __aeabi_uidiv
                0x0000000008000108                __udivsi3
                0x0000000008000214                __aeabi_uidivmod
 .text          0x000000000800021c        0x4 c:/st/stm32cubeide_1.9.0/stm32cubeide/plugins/com.st.stm32cube.ide.mcu.externaltools.gnu-tools-for-stm32.10.3-2021.10.win32_1.0.0.202111181127/tools/bin/../lib/gcc/arm-none-eabi/10.3.1/thumb/v6-m/nofp\libgcc.a(_dvmd_tls.o)
                0x000000000800021c                __aeabi_idiv0
                0x000000000800021c                __aeabi_ldiv0
 *(.text*)
 .text.LL_TIM_EnableCounter
                0x0000000008000220       0x1c ./Core/Src/Led.o
 .text.LL_TIM_CC_EnableChannel
                0x000000000800023c       0x1e ./Core/Src/Led.o
 .text.LL_TIM_OC_SetCompareCH1
                0x000000000800025a       0x18 ./Core/Src/Led.o
 .text.LedStart
                0x0000000008000272       0x2c ./Core/Src/Led.o
                0x0000000008000272                LedStart
 .text.LedSetValue
                0x000000000800029e       0x24 ./Core/Src/Led.o
                0x000000000800029e                LedSetValue
 *fill*         0x00000000080002c2        0x2 
 .text.LedPulse
                0x00000000080002c4       0x58 ./Core/Src/Led.o
                0x00000000080002c4                LedPulse
 .text.LL_USART_ReceiveData8
                0x000000000800031c       0x16 ./Core/Src/Serial.o
 .text.LL_USART_TransmitData8
                0x0000000008000332       0x1e ./Core/Src/Serial.o
 .text.SerialTransmit
                0x0000000008000350       0x54 ./Core/Src/Serial.o
                0x0000000008000350                SerialTransmit
 .text.SerialReceiveChar
                0x00000000080003a4       0x18 ./Core/Src/Serial.o
                0x00000000080003a4                SerialReceiveChar
 .text.LL_TIM_EnableCounter
                0x00000000080003bc       0x1c ./Core/Src/TimeBase.o
 .text.LL_TIM_EnableIT_UPDATE
                0x00000000080003d8       0x1c ./Core/Src/TimeBase.o
 .text.TimeBaseStartIT
                0x00000000080003f4       0x20 ./Core/Src/TimeBase.o
                0x00000000080003f4                TimeBaseStartIT
 .text.__NVIC_EnableIRQ
                0x0000000008000414       0x34 ./Core/Src/main.o
 .text.__NVIC_SetPriority
                0x0000000008000448       0xdc ./Core/Src/main.o
 .text.LL_ADC_SetCommonFrequencyMode
                0x0000000008000524       0x28 ./Core/Src/main.o
 .text.LL_ADC_SetSamplingTimeCommonChannels
                0x000000000800054c       0x24 ./Core/Src/main.o
 .text.LL_ADC_REG_SetSequencerScanDirection
                0x0000000008000570       0x24 ./Core/Src/main.o
 .text.LL_ADC_REG_SetSequencerChAdd
                0x0000000008000594       0x22 ./Core/Src/main.o
 .text.LL_ADC_SetOverSamplingScope
                0x00000000080005b6       0x24 ./Core/Src/main.o
 *fill*         0x00000000080005da        0x2 
 .text.LL_ADC_EnableInternalRegulator
                0x00000000080005dc       0x28 ./Core/Src/main.o
 .text.LL_ADC_DisableIT_EOC
                0x0000000008000604       0x1e ./Core/Src/main.o
 .text.LL_ADC_DisableIT_EOS
                0x0000000008000622       0x1e ./Core/Src/main.o
 .text.LL_RCC_HSI_Enable
                0x0000000008000640       0x1c ./Core/Src/main.o
 .text.LL_RCC_HSI_IsReady
                0x000000000800065c       0x20 ./Core/Src/main.o
 .text.LL_RCC_HSI_SetCalibTrimming
                0x000000000800067c       0x2c ./Core/Src/main.o
 .text.LL_RCC_SetSysClkSource
                0x00000000080006a8       0x28 ./Core/Src/main.o
 .text.LL_RCC_GetSysClkSource
                0x00000000080006d0       0x18 ./Core/Src/main.o
 .text.LL_RCC_SetAHBPrescaler
                0x00000000080006e8       0x28 ./Core/Src/main.o
 .text.LL_RCC_SetAPB1Prescaler
                0x0000000008000710       0x2c ./Core/Src/main.o
 .text.LL_RCC_SetAPB2Prescaler
                0x000000000800073c       0x2c ./Core/Src/main.o
 .text.LL_RCC_SetUSARTClockSource
                0x0000000008000768       0x30 ./Core/Src/main.o
 .text.LL_APB1_GRP1_EnableClock
                0x0000000008000798       0x2c ./Core/Src/main.o
 .text.LL_APB2_GRP1_EnableClock
                0x00000000080007c4       0x2c ./Core/Src/main.o
 .text.LL_IOP_GRP1_EnableClock
                0x00000000080007f0       0x2c ./Core/Src/main.o
 .text.LL_FLASH_SetLatency
                0x000000000800081c       0x28 ./Core/Src/main.o
 .text.LL_FLASH_GetLatency
                0x0000000008000844       0x18 ./Core/Src/main.o
 .text.LL_PWR_SetRegulVoltageScaling
                0x000000000800085c       0x2c ./Core/Src/main.o
 .text.LL_SPI_SetStandard
                0x0000000008000888       0x24 ./Core/Src/main.o
 .text.LL_TIM_DisableARRPreload
                0x00000000080008ac       0x1e ./Core/Src/main.o
 *fill*         0x00000000080008ca        0x2 
 .text.LL_TIM_OC_DisableFast
                0x00000000080008cc       0x70 ./Core/Src/main.o
 .text.LL_TIM_OC_EnablePreload
                0x000000000800093c       0x70 ./Core/Src/main.o
 .text.LL_TIM_SetClockSource
                0x00000000080009ac       0x28 ./Core/Src/main.o
 .text.LL_TIM_SetTriggerOutput
                0x00000000080009d4       0x24 ./Core/Src/main.o
 .text.LL_TIM_DisableMasterSlaveMode
                0x00000000080009f8       0x1e ./Core/Src/main.o
 .text.LL_USART_Enable
                0x0000000008000a16       0x1c ./Core/Src/main.o
 *fill*         0x0000000008000a32        0x2 
 .text.LL_USART_ConfigAsyncMode
                0x0000000008000a34       0x30 ./Core/Src/main.o
 .text.LL_GPIO_ResetOutputPin
                0x0000000008000a64       0x18 ./Core/Src/main.o
 .text.main     0x0000000008000a7c       0x66 ./Core/Src/main.o
                0x0000000008000a7c                main
 *fill*         0x0000000008000ae2        0x2 
 .text.SystemClock_Config
                0x0000000008000ae4       0x7c ./Core/Src/main.o
                0x0000000008000ae4                SystemClock_Config
 .text.MX_ADC_Init
                0x0000000008000b60      0x160 ./Core/Src/main.o
 .text.MX_SPI1_Init
                0x0000000008000cc0      0x100 ./Core/Src/main.o
 .text.MX_TIM2_Init
                0x0000000008000dc0      0x10e ./Core/Src/main.o
 *fill*         0x0000000008000ece        0x2 
 .text.MX_TIM21_Init
                0x0000000008000ed0       0x80 ./Core/Src/main.o
 .text.MX_USART2_UART_Init
                0x0000000008000f50       0xf0 ./Core/Src/main.o
 .text.MX_GPIO_Init
                0x0000000008001040       0x92 ./Core/Src/main.o
 .text.LL_TIM_ClearFlag_UPDATE
                0x00000000080010d2       0x18 ./Core/Src/stm32l0xx_it.o
 .text.NMI_Handler
                0x00000000080010ea        0x6 ./Core/Src/stm32l0xx_it.o
                0x00000000080010ea                NMI_Handler
 .text.HardFault_Handler
                0x00000000080010f0        0x6 ./Core/Src/stm32l0xx_it.o
                0x00000000080010f0                HardFault_Handler
 .text.SVC_Handler
                0x00000000080010f6        0xa ./Core/Src/stm32l0xx_it.o
                0x00000000080010f6                SVC_Handler
 .text.PendSV_Handler
                0x0000000008001100        0xa ./Core/Src/stm32l0xx_it.o
                0x0000000008001100                PendSV_Handler
 .text.SysTick_Handler
                0x000000000800110a        0xa ./Core/Src/stm32l0xx_it.o
                0x000000000800110a                SysTick_Handler
 .text.ADC1_COMP_IRQHandler
                0x0000000008001114        0xa ./Core/Src/stm32l0xx_it.o
                0x0000000008001114                ADC1_COMP_IRQHandler
 *fill*         0x000000000800111e        0x2 
 .text.TIM21_IRQHandler
                0x0000000008001120       0x1c ./Core/Src/stm32l0xx_it.o
                0x0000000008001120                TIM21_IRQHandler
 .text.SystemInit
                0x000000000800113c        0xa ./Core/Src/system_stm32l0xx.o
                0x000000000800113c                SystemInit
 *fill*         0x0000000008001146        0x2 
 .text.Reset_Handler
                0x0000000008001148       0x80 ./Core/Startup/startup_stm32l021k4tx.o
                0x0000000008001148                Reset_Handler
 .text.Default_Handler
                0x00000000080011c8        0x2 ./Core/Startup/startup_stm32l021k4tx.o
                0x00000000080011c8                PVD_IRQHandler
                0x00000000080011c8                I2C1_IRQHandler
                0x00000000080011c8                SPI1_IRQHandler
                0x00000000080011c8                EXTI2_3_IRQHandler
                0x00000000080011c8                AES_LPUART1_IRQHandler
                0x00000000080011c8                RTC_IRQHandler
                0x00000000080011c8                EXTI4_15_IRQHandler
                0x00000000080011c8                RCC_IRQHandler
                0x00000000080011c8                DMA1_Channel1_IRQHandler
                0x00000000080011c8                Default_Handler
                0x00000000080011c8                DMA1_Channel4_5_IRQHandler
                0x00000000080011c8                EXTI0_1_IRQHandler
                0x00000000080011c8                WWDG_IRQHandler
                0x00000000080011c8                TIM2_IRQHandler
                0x00000000080011c8                DMA1_Channel2_3_IRQHandler
                0x00000000080011c8                USART2_IRQHandler
                0x00000000080011c8                FLASH_IRQHandler
                0x00000000080011c8                LPTIM1_IRQHandler
 .text.LL_ADC_IsEnabled
                0x00000000080011ca       0x20 ./Drivers/STM32L0xx_HAL_Driver/Src/stm32l0xx_ll_adc.o
 *fill*         0x00000000080011ea        0x2 
 .text.LL_ADC_Init
                0x00000000080011ec       0x6c ./Drivers/STM32L0xx_HAL_Driver/Src/stm32l0xx_ll_adc.o
                0x00000000080011ec                LL_ADC_Init
 .text.LL_ADC_REG_Init
                0x0000000008001258       0x64 ./Drivers/STM32L0xx_HAL_Driver/Src/stm32l0xx_ll_adc.o
                0x0000000008001258                LL_ADC_REG_Init
 .text.LL_GPIO_SetPinMode
                0x00000000080012bc       0x38 ./Drivers/STM32L0xx_HAL_Driver/Src/stm32l0xx_ll_gpio.o
 .text.LL_GPIO_SetPinOutputType
                0x00000000080012f4       0x2a ./Drivers/STM32L0xx_HAL_Driver/Src/stm32l0xx_ll_gpio.o
 .text.LL_GPIO_SetPinSpeed
                0x000000000800131e       0x38 ./Drivers/STM32L0xx_HAL_Driver/Src/stm32l0xx_ll_gpio.o
 .text.LL_GPIO_SetPinPull
                0x0000000008001356       0x38 ./Drivers/STM32L0xx_HAL_Driver/Src/stm32l0xx_ll_gpio.o
 .text.LL_GPIO_SetAFPin_0_7
                0x000000000800138e       0x46 ./Drivers/STM32L0xx_HAL_Driver/Src/stm32l0xx_ll_gpio.o
 .text.LL_GPIO_SetAFPin_8_15
                0x00000000080013d4       0x5a ./Drivers/STM32L0xx_HAL_Driver/Src/stm32l0xx_ll_gpio.o
 .text.LL_GPIO_Init
                0x000000000800142e       0xbc ./Drivers/STM32L0xx_HAL_Driver/Src/stm32l0xx_ll_gpio.o
                0x000000000800142e                LL_GPIO_Init
 *fill*         0x00000000080014ea        0x2 
 .text.LL_RCC_HSI_IsReady
                0x00000000080014ec       0x20 ./Drivers/STM32L0xx_HAL_Driver/Src/stm32l0xx_ll_rcc.o
 .text.LL_RCC_LSE_IsReady
                0x000000000800150c       0x28 ./Drivers/STM32L0xx_HAL_Driver/Src/stm32l0xx_ll_rcc.o
 .text.LL_RCC_MSI_GetRange
                0x0000000008001534       0x18 ./Drivers/STM32L0xx_HAL_Driver/Src/stm32l0xx_ll_rcc.o
 .text.LL_RCC_GetSysClkSource
                0x000000000800154c       0x18 ./Drivers/STM32L0xx_HAL_Driver/Src/stm32l0xx_ll_rcc.o
 .text.LL_RCC_GetAHBPrescaler
                0x0000000008001564       0x18 ./Drivers/STM32L0xx_HAL_Driver/Src/stm32l0xx_ll_rcc.o
 .text.LL_RCC_GetAPB1Prescaler
                0x000000000800157c       0x18 ./Drivers/STM32L0xx_HAL_Driver/Src/stm32l0xx_ll_rcc.o
 .text.LL_RCC_GetUSARTClockSource
                0x0000000008001594       0x24 ./Drivers/STM32L0xx_HAL_Driver/Src/stm32l0xx_ll_rcc.o
 .text.LL_RCC_PLL_GetMainSource
                0x00000000080015b8       0x18 ./Drivers/STM32L0xx_HAL_Driver/Src/stm32l0xx_ll_rcc.o
 .text.LL_RCC_PLL_GetMultiplicator
                0x00000000080015d0       0x18 ./Drivers/STM32L0xx_HAL_Driver/Src/stm32l0xx_ll_rcc.o
 .text.LL_RCC_PLL_GetDivider
                0x00000000080015e8       0x18 ./Drivers/STM32L0xx_HAL_Driver/Src/stm32l0xx_ll_rcc.o
 .text.LL_RCC_IsActiveFlag_HSIDIV
                0x0000000008001600       0x20 ./Drivers/STM32L0xx_HAL_Driver/Src/stm32l0xx_ll_rcc.o
 .text.LL_RCC_GetUSARTClockFreq
                0x0000000008001620       0xb0 ./Drivers/STM32L0xx_HAL_Driver/Src/stm32l0xx_ll_rcc.o
                0x0000000008001620                LL_RCC_GetUSARTClockFreq
 .text.RCC_GetSystemClockFreq
                0x00000000080016d0       0x88 ./Drivers/STM32L0xx_HAL_Driver/Src/stm32l0xx_ll_rcc.o
 .text.RCC_GetHCLKClockFreq
                0x0000000008001758       0x2c ./Drivers/STM32L0xx_HAL_Driver/Src/stm32l0xx_ll_rcc.o
 .text.RCC_GetPCLK1ClockFreq
                0x0000000008001784       0x28 ./Drivers/STM32L0xx_HAL_Driver/Src/stm32l0xx_ll_rcc.o
 .text.RCC_PLL_GetFreqDomain_SYS
                0x00000000080017ac       0x70 ./Drivers/STM32L0xx_HAL_Driver/Src/stm32l0xx_ll_rcc.o
 .text.LL_SPI_IsEnabled
                0x000000000800181c       0x22 ./Drivers/STM32L0xx_HAL_Driver/Src/stm32l0xx_ll_spi.o
 .text.LL_SPI_SetCRCPolynomial
                0x000000000800183e       0x1c ./Drivers/STM32L0xx_HAL_Driver/Src/stm32l0xx_ll_spi.o
 *fill*         0x000000000800185a        0x2 
 .text.LL_SPI_Init
                0x000000000800185c       0xac ./Drivers/STM32L0xx_HAL_Driver/Src/stm32l0xx_ll_spi.o
                0x000000000800185c                LL_SPI_Init
 .text.LL_TIM_SetPrescaler
                0x0000000008001908       0x18 ./Drivers/STM32L0xx_HAL_Driver/Src/stm32l0xx_ll_tim.o
 .text.LL_TIM_SetAutoReload
                0x0000000008001920       0x18 ./Drivers/STM32L0xx_HAL_Driver/Src/stm32l0xx_ll_tim.o
 .text.LL_TIM_OC_SetCompareCH1
                0x0000000008001938       0x18 ./Drivers/STM32L0xx_HAL_Driver/Src/stm32l0xx_ll_tim.o
 .text.LL_TIM_OC_SetCompareCH2
                0x0000000008001950       0x18 ./Drivers/STM32L0xx_HAL_Driver/Src/stm32l0xx_ll_tim.o
 .text.LL_TIM_OC_SetCompareCH3
                0x0000000008001968       0x18 ./Drivers/STM32L0xx_HAL_Driver/Src/stm32l0xx_ll_tim.o
 .text.LL_TIM_OC_SetCompareCH4
                0x0000000008001980       0x18 ./Drivers/STM32L0xx_HAL_Driver/Src/stm32l0xx_ll_tim.o
 .text.LL_TIM_GenerateEvent_UPDATE
                0x0000000008001998       0x1c ./Drivers/STM32L0xx_HAL_Driver/Src/stm32l0xx_ll_tim.o
 .text.LL_TIM_Init
                0x00000000080019b4       0x90 ./Drivers/STM32L0xx_HAL_Driver/Src/stm32l0xx_ll_tim.o
                0x00000000080019b4                LL_TIM_Init
 .text.LL_TIM_OC_Init
                0x0000000008001a44       0xb2 ./Drivers/STM32L0xx_HAL_Driver/Src/stm32l0xx_ll_tim.o
                0x0000000008001a44                LL_TIM_OC_Init
 .text.OC1Config
                0x0000000008001af6       0x8c ./Drivers/STM32L0xx_HAL_Driver/Src/stm32l0xx_ll_tim.o
 *fill*         0x0000000008001b82        0x2 
 .text.OC2Config
                0x0000000008001b84       0x98 ./Drivers/STM32L0xx_HAL_Driver/Src/stm32l0xx_ll_tim.o
 .text.OC3Config
                0x0000000008001c1c       0x94 ./Drivers/STM32L0xx_HAL_Driver/Src/stm32l0xx_ll_tim.o
 .text.OC4Config
                0x0000000008001cb0       0x9c ./Drivers/STM32L0xx_HAL_Driver/Src/stm32l0xx_ll_tim.o
 .text.LL_USART_IsEnabled
                0x0000000008001d4c       0x22 ./Drivers/STM32L0xx_HAL_Driver/Src/stm32l0xx_ll_usart.o
 *fill*         0x0000000008001d6e        0x2 
 .text.LL_USART_SetStopBitsLength
                0x0000000008001d70       0x28 ./Drivers/STM32L0xx_HAL_Driver/Src/stm32l0xx_ll_usart.o
 .text.LL_USART_SetHWFlowCtrl
                0x0000000008001d98       0x28 ./Drivers/STM32L0xx_HAL_Driver/Src/stm32l0xx_ll_usart.o
 .text.LL_USART_SetBaudRate
                0x0000000008001dc0       0x78 ./Drivers/STM32L0xx_HAL_Driver/Src/stm32l0xx_ll_usart.o
 .text.LL_USART_Init
                0x0000000008001e38       0xb0 ./Drivers/STM32L0xx_HAL_Driver/Src/stm32l0xx_ll_usart.o
                0x0000000008001e38                LL_USART_Init
 .text.LL_InitTick
                0x0000000008001ee8       0x34 ./Drivers/STM32L0xx_HAL_Driver/Src/stm32l0xx_ll_utils.o
 .text.LL_Init1msTick
                0x0000000008001f1c       0x1e ./Drivers/STM32L0xx_HAL_Driver/Src/stm32l0xx_ll_utils.o
                0x0000000008001f1c                LL_Init1msTick
 *fill*         0x0000000008001f3a        0x2 
 .text.LL_SetSystemCoreClock
                0x0000000008001f3c       0x1c ./Drivers/STM32L0xx_HAL_Driver/Src/stm32l0xx_ll_utils.o
                0x0000000008001f3c                LL_SetSystemCoreClock
 .text.__libc_init_array
                0x0000000008001f58       0x48 c:/st/stm32cubeide_1.9.0/stm32cubeide/plugins/com.st.stm32cube.ide.mcu.externaltools.gnu-tools-for-stm32.10.3-2021.10.win32_1.0.0.202111181127/tools/bin/../lib/gcc/arm-none-eabi/10.3.1/../../../../arm-none-eabi/lib/thumb/v6-m/nofp\libc_nano.a(lib_a-init.o)
                0x0000000008001f58                __libc_init_array
 .text.memset   0x0000000008001fa0       0x10 c:/st/stm32cubeide_1.9.0/stm32cubeide/plugins/com.st.stm32cube.ide.mcu.externaltools.gnu-tools-for-stm32.10.3-2021.10.win32_1.0.0.202111181127/tools/bin/../lib/gcc/arm-none-eabi/10.3.1/../../../../arm-none-eabi/lib/thumb/v6-m/nofp\libc_nano.a(lib_a-memset.o)
                0x0000000008001fa0                memset
 *(.glue_7)
 .glue_7        0x0000000008001fb0        0x0 linker stubs
 *(.glue_7t)
 .glue_7t       0x0000000008001fb0        0x0 linker stubs
 *(.eh_frame)
 .eh_frame      0x0000000008001fb0        0x0 c:/st/stm32cubeide_1.9.0/stm32cubeide/plugins/com.st.stm32cube.ide.mcu.externaltools.gnu-tools-for-stm32.10.3-2021.10.win32_1.0.0.202111181127/tools/bin/../lib/gcc/arm-none-eabi/10.3.1/thumb/v6-m/nofp/crtbegin.o
 *(.init)
 .init          0x0000000008001fb0        0x4 c:/st/stm32cubeide_1.9.0/stm32cubeide/plugins/com.st.stm32cube.ide.mcu.externaltools.gnu-tools-for-stm32.10.3-2021.10.win32_1.0.0.202111181127/tools/bin/../lib/gcc/arm-none-eabi/10.3.1/thumb/v6-m/nofp/crti.o
                0x0000000008001fb0                _init
 .init          0x0000000008001fb4        0x8 c:/st/stm32cubeide_1.9.0/stm32cubeide/plugins/com.st.stm32cube.ide.mcu.externaltools.gnu-tools-for-stm32.10.3-2021.10.win32_1.0.0.202111181127/tools/bin/../lib/gcc/arm-none-eabi/10.3.1/thumb/v6-m/nofp/crtn.o
 *(.fini)
 .fini          0x0000000008001fbc        0x4 c:/st/stm32cubeide_1.9.0/stm32cubeide/plugins/com.st.stm32cube.ide.mcu.externaltools.gnu-tools-for-stm32.10.3-2021.10.win32_1.0.0.202111181127/tools/bin/../lib/gcc/arm-none-eabi/10.3.1/thumb/v6-m/nofp/crti.o
                0x0000000008001fbc                _fini
 .fini          0x0000000008001fc0        0x8 c:/st/stm32cubeide_1.9.0/stm32cubeide/plugins/com.st.stm32cube.ide.mcu.externaltools.gnu-tools-for-stm32.10.3-2021.10.win32_1.0.0.202111181127/tools/bin/../lib/gcc/arm-none-eabi/10.3.1/thumb/v6-m/nofp/crtn.o
                0x0000000008001fc8                . = ALIGN (0x4)
                0x0000000008001fc8                _etext = .

.vfp11_veneer   0x0000000008001fc8        0x0
 .vfp11_veneer  0x0000000008001fc8        0x0 linker stubs

.v4_bx          0x0000000008001fc8        0x0
 .v4_bx         0x0000000008001fc8        0x0 linker stubs

.iplt           0x0000000008001fc8        0x0
 .iplt          0x0000000008001fc8        0x0 c:/st/stm32cubeide_1.9.0/stm32cubeide/plugins/com.st.stm32cube.ide.mcu.externaltools.gnu-tools-for-stm32.10.3-2021.10.win32_1.0.0.202111181127/tools/bin/../lib/gcc/arm-none-eabi/10.3.1/thumb/v6-m/nofp/crtbegin.o

.rodata         0x0000000008001fc8       0x34
                0x0000000008001fc8                . = ALIGN (0x4)
 *(.rodata)
 *(.rodata*)
 .rodata.OFFSET_TAB_CCMRx
                0x0000000008001fc8        0x7 ./Core/Src/main.o
 *fill*         0x0000000008001fcf        0x1 
 .rodata.SHIFT_TAB_OCxx
                0x0000000008001fd0        0x7 ./Core/Src/main.o
 *fill*         0x0000000008001fd7        0x1 
 .rodata.AHBPrescTable
                0x0000000008001fd8       0x10 ./Core/Src/system_stm32l0xx.o
                0x0000000008001fd8                AHBPrescTable
 .rodata.APBPrescTable
                0x0000000008001fe8        0x8 ./Core/Src/system_stm32l0xx.o
                0x0000000008001fe8                APBPrescTable
 .rodata.PLLMulTable
                0x0000000008001ff0        0x9 ./Core/Src/system_stm32l0xx.o
                0x0000000008001ff0                PLLMulTable
                0x0000000008001ffc                . = ALIGN (0x4)
 *fill*         0x0000000008001ff9        0x3 

.rel.dyn        0x0000000008001ffc        0x0
 .rel.iplt      0x0000000008001ffc        0x0 c:/st/stm32cubeide_1.9.0/stm32cubeide/plugins/com.st.stm32cube.ide.mcu.externaltools.gnu-tools-for-stm32.10.3-2021.10.win32_1.0.0.202111181127/tools/bin/../lib/gcc/arm-none-eabi/10.3.1/thumb/v6-m/nofp/crtbegin.o

.ARM.extab      0x0000000008001ffc        0x0
                0x0000000008001ffc                . = ALIGN (0x4)
 *(.ARM.extab* .gnu.linkonce.armextab.*)
                0x0000000008001ffc                . = ALIGN (0x4)

.ARM            0x0000000008001ffc        0x0
                0x0000000008001ffc                . = ALIGN (0x4)
                0x0000000008001ffc                __exidx_start = .
 *(.ARM.exidx*)
                0x0000000008001ffc                __exidx_end = .
                0x0000000008001ffc                . = ALIGN (0x4)

.preinit_array  0x0000000008001ffc        0x0
                0x0000000008001ffc                . = ALIGN (0x4)
                0x0000000008001ffc                PROVIDE (__preinit_array_start = .)
 *(.preinit_array*)
                0x0000000008001ffc                PROVIDE (__preinit_array_end = .)
                0x0000000008001ffc                . = ALIGN (0x4)

.init_array     0x0000000008001ffc        0x4
                0x0000000008001ffc                . = ALIGN (0x4)
                0x0000000008001ffc                PROVIDE (__init_array_start = .)
 *(SORT_BY_NAME(.init_array.*))
 *(.init_array*)
 .init_array    0x0000000008001ffc        0x4 c:/st/stm32cubeide_1.9.0/stm32cubeide/plugins/com.st.stm32cube.ide.mcu.externaltools.gnu-tools-for-stm32.10.3-2021.10.win32_1.0.0.202111181127/tools/bin/../lib/gcc/arm-none-eabi/10.3.1/thumb/v6-m/nofp/crtbegin.o
                0x0000000008002000                PROVIDE (__init_array_end = .)
                0x0000000008002000                . = ALIGN (0x4)

.fini_array     0x0000000008002000        0x4
                0x0000000008002000                . = ALIGN (0x4)
                [!provide]                        PROVIDE (__fini_array_start = .)
 *(SORT_BY_NAME(.fini_array.*))
 *(.fini_array*)
 .fini_array    0x0000000008002000        0x4 c:/st/stm32cubeide_1.9.0/stm32cubeide/plugins/com.st.stm32cube.ide.mcu.externaltools.gnu-tools-for-stm32.10.3-2021.10.win32_1.0.0.202111181127/tools/bin/../lib/gcc/arm-none-eabi/10.3.1/thumb/v6-m/nofp/crtbegin.o
                [!provide]                        PROVIDE (__fini_array_end = .)
                0x0000000008002004                . = ALIGN (0x4)
                0x0000000008002004                _sidata = LOADADDR (.data)

.data           0x0000000020000000        0x8 load address 0x0000000008002004
                0x0000000020000000                . = ALIGN (0x4)
                0x0000000020000000                _sdata = .
 *(.data)
 *(.data*)
 .data.up.1     0x0000000020000000        0x1 ./Core/Src/Led.o
 .data.dc.0     0x0000000020000001        0x1 ./Core/Src/Led.o
 *fill*         0x0000000020000002        0x2 
 .data.SystemCoreClock
                0x0000000020000004        0x4 ./Core/Src/system_stm32l0xx.o
                0x0000000020000004                SystemCoreClock
 *(.RamFunc)
 *(.RamFunc*)
                0x0000000020000008                . = ALIGN (0x4)
                0x0000000020000008                _edata = .

.igot.plt       0x0000000020000008        0x0 load address 0x000000000800200c
 .igot.plt      0x0000000020000008        0x0 c:/st/stm32cubeide_1.9.0/stm32cubeide/plugins/com.st.stm32cube.ide.mcu.externaltools.gnu-tools-for-stm32.10.3-2021.10.win32_1.0.0.202111181127/tools/bin/../lib/gcc/arm-none-eabi/10.3.1/thumb/v6-m/nofp/crtbegin.o
                0x0000000020000008                . = ALIGN (0x4)

.bss            0x0000000020000008       0x1c load address 0x000000000800200c
                0x0000000020000008                _sbss = .
                0x0000000020000008                __bss_start__ = _sbss
 *(.bss)
 .bss           0x0000000020000008       0x1c c:/st/stm32cubeide_1.9.0/stm32cubeide/plugins/com.st.stm32cube.ide.mcu.externaltools.gnu-tools-for-stm32.10.3-2021.10.win32_1.0.0.202111181127/tools/bin/../lib/gcc/arm-none-eabi/10.3.1/thumb/v6-m/nofp/crtbegin.o
 *(.bss*)
 *(COMMON)
                0x0000000020000024                . = ALIGN (0x4)
                0x0000000020000024                _ebss = .
                0x0000000020000024                __bss_end__ = _ebss

._user_heap_stack
                0x0000000020000024      0x604 load address 0x000000000800200c
                0x0000000020000028                . = ALIGN (0x8)
 *fill*         0x0000000020000024        0x4 
                [!provide]                        PROVIDE (end = .)
                0x0000000020000028                PROVIDE (_end = .)
                0x0000000020000228                . = (. + _Min_Heap_Size)
 *fill*         0x0000000020000028      0x200 
                0x0000000020000628                . = (. + _Min_Stack_Size)
 *fill*         0x0000000020000228      0x400 
                0x0000000020000628                . = ALIGN (0x8)

/DISCARD/
 libc.a(*)
 libm.a(*)
 libgcc.a(*)

.ARM.attributes
                0x0000000000000000       0x28
 *(.ARM.attributes)
 .ARM.attributes
                0x0000000000000000       0x1e c:/st/stm32cubeide_1.9.0/stm32cubeide/plugins/com.st.stm32cube.ide.mcu.externaltools.gnu-tools-for-stm32.10.3-2021.10.win32_1.0.0.202111181127/tools/bin/../lib/gcc/arm-none-eabi/10.3.1/thumb/v6-m/nofp/crti.o
 .ARM.attributes
                0x000000000000001e       0x2c c:/st/stm32cubeide_1.9.0/stm32cubeide/plugins/com.st.stm32cube.ide.mcu.externaltools.gnu-tools-for-stm32.10.3-2021.10.win32_1.0.0.202111181127/tools/bin/../lib/gcc/arm-none-eabi/10.3.1/thumb/v6-m/nofp/crtbegin.o
 .ARM.attributes
                0x000000000000004a       0x2c ./Core/Src/Led.o
 .ARM.attributes
                0x0000000000000076       0x2c ./Core/Src/Serial.o
 .ARM.attributes
                0x00000000000000a2       0x2c ./Core/Src/TimeBase.o
 .ARM.attributes
                0x00000000000000ce       0x2c ./Core/Src/main.o
 .ARM.attributes
                0x00000000000000fa       0x2c ./Core/Src/stm32l0xx_it.o
 .ARM.attributes
                0x0000000000000126       0x2c ./Core/Src/system_stm32l0xx.o
 .ARM.attributes
                0x0000000000000152       0x22 ./Core/Startup/startup_stm32l021k4tx.o
 .ARM.attributes
                0x0000000000000174       0x2c ./Drivers/STM32L0xx_HAL_Driver/Src/stm32l0xx_ll_adc.o
 .ARM.attributes
                0x00000000000001a0       0x2c ./Drivers/STM32L0xx_HAL_Driver/Src/stm32l0xx_ll_gpio.o
 .ARM.attributes
                0x00000000000001cc       0x2c ./Drivers/STM32L0xx_HAL_Driver/Src/stm32l0xx_ll_rcc.o
 .ARM.attributes
                0x00000000000001f8       0x2c ./Drivers/STM32L0xx_HAL_Driver/Src/stm32l0xx_ll_spi.o
 .ARM.attributes
                0x0000000000000224       0x2c ./Drivers/STM32L0xx_HAL_Driver/Src/stm32l0xx_ll_tim.o
 .ARM.attributes
                0x0000000000000250       0x2c ./Drivers/STM32L0xx_HAL_Driver/Src/stm32l0xx_ll_usart.o
 .ARM.attributes
                0x000000000000027c       0x2c ./Drivers/STM32L0xx_HAL_Driver/Src/stm32l0xx_ll_utils.o
 .ARM.attributes
                0x00000000000002a8       0x2c c:/st/stm32cubeide_1.9.0/stm32cubeide/plugins/com.st.stm32cube.ide.mcu.externaltools.gnu-tools-for-stm32.10.3-2021.10.win32_1.0.0.202111181127/tools/bin/../lib/gcc/arm-none-eabi/10.3.1/../../../../arm-none-eabi/lib/thumb/v6-m/nofp\libc_nano.a(lib_a-init.o)
 .ARM.attributes
                0x00000000000002d4       0x2c c:/st/stm32cubeide_1.9.0/stm32cubeide/plugins/com.st.stm32cube.ide.mcu.externaltools.gnu-tools-for-stm32.10.3-2021.10.win32_1.0.0.202111181127/tools/bin/../lib/gcc/arm-none-eabi/10.3.1/../../../../arm-none-eabi/lib/thumb/v6-m/nofp\libc_nano.a(lib_a-memset.o)
 .ARM.attributes
                0x0000000000000300       0x1e c:/st/stm32cubeide_1.9.0/stm32cubeide/plugins/com.st.stm32cube.ide.mcu.externaltools.gnu-tools-for-stm32.10.3-2021.10.win32_1.0.0.202111181127/tools/bin/../lib/gcc/arm-none-eabi/10.3.1/thumb/v6-m/nofp\libgcc.a(_udivsi3.o)
 .ARM.attributes
                0x000000000000031e       0x1e c:/st/stm32cubeide_1.9.0/stm32cubeide/plugins/com.st.stm32cube.ide.mcu.externaltools.gnu-tools-for-stm32.10.3-2021.10.win32_1.0.0.202111181127/tools/bin/../lib/gcc/arm-none-eabi/10.3.1/thumb/v6-m/nofp\libgcc.a(_dvmd_tls.o)
 .ARM.attributes
                0x000000000000033c       0x1e c:/st/stm32cubeide_1.9.0/stm32cubeide/plugins/com.st.stm32cube.ide.mcu.externaltools.gnu-tools-for-stm32.10.3-2021.10.win32_1.0.0.202111181127/tools/bin/../lib/gcc/arm-none-eabi/10.3.1/thumb/v6-m/nofp/crtn.o
OUTPUT(SAM.elf elf32-littlearm)
LOAD linker stubs
LOAD c:/st/stm32cubeide_1.9.0/stm32cubeide/plugins/com.st.stm32cube.ide.mcu.externaltools.gnu-tools-for-stm32.10.3-2021.10.win32_1.0.0.202111181127/tools/bin/../lib/gcc/arm-none-eabi/10.3.1/../../../../arm-none-eabi/lib/thumb/v6-m/nofp\libc.a
LOAD c:/st/stm32cubeide_1.9.0/stm32cubeide/plugins/com.st.stm32cube.ide.mcu.externaltools.gnu-tools-for-stm32.10.3-2021.10.win32_1.0.0.202111181127/tools/bin/../lib/gcc/arm-none-eabi/10.3.1/../../../../arm-none-eabi/lib/thumb/v6-m/nofp\libm.a
LOAD c:/st/stm32cubeide_1.9.0/stm32cubeide/plugins/com.st.stm32cube.ide.mcu.externaltools.gnu-tools-for-stm32.10.3-2021.10.win32_1.0.0.202111181127/tools/bin/../lib/gcc/arm-none-eabi/10.3.1/thumb/v6-m/nofp\libgcc.a

.debug_info     0x0000000000000000     0x5af0
 .debug_info    0x0000000000000000      0x375 ./Core/Src/Led.o
 .debug_info    0x0000000000000375      0x2e0 ./Core/Src/Serial.o
 .debug_info    0x0000000000000655      0x2ce ./Core/Src/TimeBase.o
 .debug_info    0x0000000000000923     0x1673 ./Core/Src/main.o
 .debug_info    0x0000000000001f96      0x31e ./Core/Src/stm32l0xx_it.o
 .debug_info    0x00000000000022b4      0x302 ./Core/Src/system_stm32l0xx.o
 .debug_info    0x00000000000025b6       0x22 ./Core/Startup/startup_stm32l021k4tx.o
 .debug_info    0x00000000000025d8      0x783 ./Drivers/STM32L0xx_HAL_Driver/Src/stm32l0xx_ll_adc.o
 .debug_info    0x0000000000002d5b      0x5cc ./Drivers/STM32L0xx_HAL_Driver/Src/stm32l0xx_ll_gpio.o
 .debug_info    0x0000000000003327      0x78d ./Drivers/STM32L0xx_HAL_Driver/Src/stm32l0xx_ll_rcc.o
 .debug_info    0x0000000000003ab4      0x47c ./Drivers/STM32L0xx_HAL_Driver/Src/stm32l0xx_ll_spi.o
 .debug_info    0x0000000000003f30      0xca4 ./Drivers/STM32L0xx_HAL_Driver/Src/stm32l0xx_ll_tim.o
 .debug_info    0x0000000000004bd4      0x674 ./Drivers/STM32L0xx_HAL_Driver/Src/stm32l0xx_ll_usart.o
 .debug_info    0x0000000000005248      0x8a8 ./Drivers/STM32L0xx_HAL_Driver/Src/stm32l0xx_ll_utils.o

.debug_abbrev   0x0000000000000000     0x1632
 .debug_abbrev  0x0000000000000000      0x151 ./Core/Src/Led.o
 .debug_abbrev  0x0000000000000151      0x162 ./Core/Src/Serial.o
 .debug_abbrev  0x00000000000002b3      0x113 ./Core/Src/TimeBase.o
 .debug_abbrev  0x00000000000003c6      0x2f4 ./Core/Src/main.o
 .debug_abbrev  0x00000000000006ba      0x128 ./Core/Src/stm32l0xx_it.o
 .debug_abbrev  0x00000000000007e2      0x116 ./Core/Src/system_stm32l0xx.o
 .debug_abbrev  0x00000000000008f8       0x12 ./Core/Startup/startup_stm32l021k4tx.o
 .debug_abbrev  0x000000000000090a      0x1d5 ./Drivers/STM32L0xx_HAL_Driver/Src/stm32l0xx_ll_adc.o
 .debug_abbrev  0x0000000000000adf      0x19b ./Drivers/STM32L0xx_HAL_Driver/Src/stm32l0xx_ll_gpio.o
 .debug_abbrev  0x0000000000000c7a      0x214 ./Drivers/STM32L0xx_HAL_Driver/Src/stm32l0xx_ll_rcc.o
 .debug_abbrev  0x0000000000000e8e      0x17a ./Drivers/STM32L0xx_HAL_Driver/Src/stm32l0xx_ll_spi.o
 .debug_abbrev  0x0000000000001008      0x203 ./Drivers/STM32L0xx_HAL_Driver/Src/stm32l0xx_ll_tim.o
 .debug_abbrev  0x000000000000120b      0x1d7 ./Drivers/STM32L0xx_HAL_Driver/Src/stm32l0xx_ll_usart.o
 .debug_abbrev  0x00000000000013e2      0x250 ./Drivers/STM32L0xx_HAL_Driver/Src/stm32l0xx_ll_utils.o

.debug_aranges  0x0000000000000000      0x7d0
 .debug_aranges
                0x0000000000000000       0x48 ./Core/Src/Led.o
 .debug_aranges
                0x0000000000000048       0x38 ./Core/Src/Serial.o
 .debug_aranges
                0x0000000000000080       0x30 ./Core/Src/TimeBase.o
 .debug_aranges
                0x00000000000000b0      0x178 ./Core/Src/main.o
 .debug_aranges
                0x0000000000000228       0x58 ./Core/Src/stm32l0xx_it.o
 .debug_aranges
                0x0000000000000280       0x28 ./Core/Src/system_stm32l0xx.o
 .debug_aranges
                0x00000000000002a8       0x28 ./Core/Startup/startup_stm32l021k4tx.o
 .debug_aranges
                0x00000000000002d0       0xa8 ./Drivers/STM32L0xx_HAL_Driver/Src/stm32l0xx_ll_adc.o
 .debug_aranges
                0x0000000000000378       0x70 ./Drivers/STM32L0xx_HAL_Driver/Src/stm32l0xx_ll_gpio.o
 .debug_aranges
                0x00000000000003e8      0x130 ./Drivers/STM32L0xx_HAL_Driver/Src/stm32l0xx_ll_rcc.o
 .debug_aranges
                0x0000000000000518       0x50 ./Drivers/STM32L0xx_HAL_Driver/Src/stm32l0xx_ll_spi.o
 .debug_aranges
                0x0000000000000568      0x100 ./Drivers/STM32L0xx_HAL_Driver/Src/stm32l0xx_ll_tim.o
 .debug_aranges
                0x0000000000000668       0x78 ./Drivers/STM32L0xx_HAL_Driver/Src/stm32l0xx_ll_usart.o
 .debug_aranges
                0x00000000000006e0       0xf0 ./Drivers/STM32L0xx_HAL_Driver/Src/stm32l0xx_ll_utils.o

.debug_ranges   0x0000000000000000      0x6f8
 .debug_ranges  0x0000000000000000       0x38 ./Core/Src/Led.o
 .debug_ranges  0x0000000000000038       0x28 ./Core/Src/Serial.o
 .debug_ranges  0x0000000000000060       0x20 ./Core/Src/TimeBase.o
 .debug_ranges  0x0000000000000080      0x168 ./Core/Src/main.o
 .debug_ranges  0x00000000000001e8       0x48 ./Core/Src/stm32l0xx_it.o
 .debug_ranges  0x0000000000000230       0x18 ./Core/Src/system_stm32l0xx.o
 .debug_ranges  0x0000000000000248       0x20 ./Core/Startup/startup_stm32l021k4tx.o
 .debug_ranges  0x0000000000000268       0x98 ./Drivers/STM32L0xx_HAL_Driver/Src/stm32l0xx_ll_adc.o
 .debug_ranges  0x0000000000000300       0x60 ./Drivers/STM32L0xx_HAL_Driver/Src/stm32l0xx_ll_gpio.o
 .debug_ranges  0x0000000000000360      0x120 ./Drivers/STM32L0xx_HAL_Driver/Src/stm32l0xx_ll_rcc.o
 .debug_ranges  0x0000000000000480       0x40 ./Drivers/STM32L0xx_HAL_Driver/Src/stm32l0xx_ll_spi.o
 .debug_ranges  0x00000000000004c0       0xf0 ./Drivers/STM32L0xx_HAL_Driver/Src/stm32l0xx_ll_tim.o
 .debug_ranges  0x00000000000005b0       0x68 ./Drivers/STM32L0xx_HAL_Driver/Src/stm32l0xx_ll_usart.o
 .debug_ranges  0x0000000000000618       0xe0 ./Drivers/STM32L0xx_HAL_Driver/Src/stm32l0xx_ll_utils.o

.debug_macro    0x0000000000000000     0xcbd9
 .debug_macro   0x0000000000000000      0x158 ./Core/Src/Led.o
 .debug_macro   0x0000000000000158      0xa90 ./Core/Src/Led.o
 .debug_macro   0x0000000000000be8       0x2e ./Core/Src/Led.o
 .debug_macro   0x0000000000000c16       0x28 ./Core/Src/Led.o
 .debug_macro   0x0000000000000c3e       0x22 ./Core/Src/Led.o
 .debug_macro   0x0000000000000c60       0x8e ./Core/Src/Led.o
 .debug_macro   0x0000000000000cee       0x51 ./Core/Src/Led.o
 .debug_macro   0x0000000000000d3f      0x103 ./Core/Src/Led.o
 .debug_macro   0x0000000000000e42       0x6a ./Core/Src/Led.o
 .debug_macro   0x0000000000000eac      0x1df ./Core/Src/Led.o
 .debug_macro   0x000000000000108b       0x1c ./Core/Src/Led.o
 .debug_macro   0x00000000000010a7       0x22 ./Core/Src/Led.o
 .debug_macro   0x00000000000010c9       0xaf ./Core/Src/Led.o
 .debug_macro   0x0000000000001178      0x3ad ./Core/Src/Led.o
 .debug_macro   0x0000000000001525     0x7e0b ./Core/Src/Led.o
 .debug_macro   0x0000000000009330       0x66 ./Core/Src/Led.o
 .debug_macro   0x0000000000009396      0x6be ./Core/Src/Led.o
 .debug_macro   0x0000000000009a54      0x3b4 ./Core/Src/Led.o
 .debug_macro   0x0000000000009e08       0xad ./Core/Src/Led.o
 .debug_macro   0x0000000000009eb5      0x13d ./Core/Src/Led.o
 .debug_macro   0x0000000000009ff2      0x108 ./Core/Src/Led.o
 .debug_macro   0x000000000000a0fa       0x16 ./Core/Src/Led.o
 .debug_macro   0x000000000000a110       0x2a ./Core/Src/Led.o
 .debug_macro   0x000000000000a13a       0xda ./Core/Src/Led.o
 .debug_macro   0x000000000000a214      0x285 ./Core/Src/Led.o
 .debug_macro   0x000000000000a499      0x123 ./Core/Src/Led.o
 .debug_macro   0x000000000000a5bc      0x545 ./Core/Src/Led.o
 .debug_macro   0x000000000000ab01      0x30c ./Core/Src/Led.o
 .debug_macro   0x000000000000ae0d      0x12d ./Core/Src/Led.o
 .debug_macro   0x000000000000af3a       0x46 ./Core/Src/Led.o
 .debug_macro   0x000000000000af80      0x158 ./Core/Src/Serial.o
 .debug_macro   0x000000000000b0d8      0x158 ./Core/Src/TimeBase.o
 .debug_macro   0x000000000000b230      0x170 ./Core/Src/main.o
 .debug_macro   0x000000000000b3a0      0x166 ./Core/Src/stm32l0xx_it.o
 .debug_macro   0x000000000000b506       0xba ./Core/Src/system_stm32l0xx.o
 .debug_macro   0x000000000000b5c0      0x131 ./Drivers/STM32L0xx_HAL_Driver/Src/stm32l0xx_ll_adc.o
 .debug_macro   0x000000000000b6f1       0xfc ./Drivers/STM32L0xx_HAL_Driver/Src/stm32l0xx_ll_gpio.o
 .debug_macro   0x000000000000b7ed      0x127 ./Drivers/STM32L0xx_HAL_Driver/Src/stm32l0xx_ll_gpio.o
 .debug_macro   0x000000000000b914       0xe7 ./Drivers/STM32L0xx_HAL_Driver/Src/stm32l0xx_ll_rcc.o
 .debug_macro   0x000000000000b9fb      0x3ae ./Drivers/STM32L0xx_HAL_Driver/Src/stm32l0xx_ll_rcc.o
 .debug_macro   0x000000000000bda9      0x123 ./Drivers/STM32L0xx_HAL_Driver/Src/stm32l0xx_ll_spi.o
 .debug_macro   0x000000000000becc      0x11d ./Drivers/STM32L0xx_HAL_Driver/Src/stm32l0xx_ll_spi.o
 .debug_macro   0x000000000000bfe9      0x11a ./Drivers/STM32L0xx_HAL_Driver/Src/stm32l0xx_ll_tim.o
 .debug_macro   0x000000000000c103      0x53f ./Drivers/STM32L0xx_HAL_Driver/Src/stm32l0xx_ll_tim.o
 .debug_macro   0x000000000000c642      0x12f ./Drivers/STM32L0xx_HAL_Driver/Src/stm32l0xx_ll_usart.o
 .debug_macro   0x000000000000c771      0x306 ./Drivers/STM32L0xx_HAL_Driver/Src/stm32l0xx_ll_usart.o
 .debug_macro   0x000000000000ca77      0x162 ./Drivers/STM32L0xx_HAL_Driver/Src/stm32l0xx_ll_utils.o

.debug_line     0x0000000000000000     0x6220
 .debug_line    0x0000000000000000      0x689 ./Core/Src/Led.o
 .debug_line    0x0000000000000689      0x636 ./Core/Src/Serial.o
 .debug_line    0x0000000000000cbf      0x5fb ./Core/Src/TimeBase.o
 .debug_line    0x00000000000012ba      0xd5b ./Core/Src/main.o
 .debug_line    0x0000000000002015      0x681 ./Core/Src/stm32l0xx_it.o
 .debug_line    0x0000000000002696      0x507 ./Core/Src/system_stm32l0xx.o
 .debug_line    0x0000000000002b9d       0x9b ./Core/Startup/startup_stm32l021k4tx.o
 .debug_line    0x0000000000002c38      0x722 ./Drivers/STM32L0xx_HAL_Driver/Src/stm32l0xx_ll_adc.o
 .debug_line    0x000000000000335a      0x627 ./Drivers/STM32L0xx_HAL_Driver/Src/stm32l0xx_ll_gpio.o
 .debug_line    0x0000000000003981      0xa47 ./Drivers/STM32L0xx_HAL_Driver/Src/stm32l0xx_ll_rcc.o
 .debug_line    0x00000000000043c8      0x5ae ./Drivers/STM32L0xx_HAL_Driver/Src/stm32l0xx_ll_spi.o
 .debug_line    0x0000000000004976      0x8ff ./Drivers/STM32L0xx_HAL_Driver/Src/stm32l0xx_ll_tim.o
 .debug_line    0x0000000000005275      0x682 ./Drivers/STM32L0xx_HAL_Driver/Src/stm32l0xx_ll_usart.o
 .debug_line    0x00000000000058f7      0x929 ./Drivers/STM32L0xx_HAL_Driver/Src/stm32l0xx_ll_utils.o

.debug_str      0x0000000000000000    0x4308a
 .debug_str     0x0000000000000000    0x3e1b7 ./Core/Src/Led.o
                                      0x3e3f3 (size before relaxing)
 .debug_str     0x000000000003e1b7       0xa7 ./Core/Src/Serial.o
                                      0x3e3b7 (size before relaxing)
 .debug_str     0x000000000003e25e       0x4f ./Core/Src/TimeBase.o
                                      0x3e3c0 (size before relaxing)
 .debug_str     0x000000000003e2ad      0xa28 ./Core/Src/main.o
                                      0x3ef5a (size before relaxing)
 .debug_str     0x000000000003ecd5       0x9f ./Core/Src/stm32l0xx_it.o
                                      0x3e425 (size before relaxing)
 .debug_str     0x000000000003ed74       0x89 ./Core/Src/system_stm32l0xx.o
                                      0x3112a (size before relaxing)
 .debug_str     0x000000000003edfd       0x36 ./Core/Startup/startup_stm32l021k4tx.o
                                         0x54 (size before relaxing)
 .debug_str     0x000000000003ee33      0xe39 ./Drivers/STM32L0xx_HAL_Driver/Src/stm32l0xx_ll_adc.o
                                      0x36b67 (size before relaxing)
 .debug_str     0x000000000003fc6c      0x539 ./Drivers/STM32L0xx_HAL_Driver/Src/stm32l0xx_ll_gpio.o
                                      0x3222b (size before relaxing)
 .debug_str     0x00000000000401a5      0x547 ./Drivers/STM32L0xx_HAL_Driver/Src/stm32l0xx_ll_rcc.o
                                      0x32f2f (size before relaxing)
 .debug_str     0x00000000000406ec      0x744 ./Drivers/STM32L0xx_HAL_Driver/Src/stm32l0xx_ll_spi.o
                                      0x33c6d (size before relaxing)
 .debug_str     0x0000000000040e30      0xd6e ./Drivers/STM32L0xx_HAL_Driver/Src/stm32l0xx_ll_tim.o
                                      0x34ea5 (size before relaxing)
 .debug_str     0x0000000000041b9e      0x805 ./Drivers/STM32L0xx_HAL_Driver/Src/stm32l0xx_ll_usart.o
                                      0x34828 (size before relaxing)
 .debug_str     0x00000000000423a3      0xce7 ./Drivers/STM32L0xx_HAL_Driver/Src/stm32l0xx_ll_utils.o
                                      0x34658 (size before relaxing)

.comment        0x0000000000000000       0x50
 .comment       0x0000000000000000       0x50 ./Core/Src/Led.o
                                         0x51 (size before relaxing)
 .comment       0x0000000000000050       0x51 ./Core/Src/Serial.o
 .comment       0x0000000000000050       0x51 ./Core/Src/TimeBase.o
 .comment       0x0000000000000050       0x51 ./Core/Src/main.o
 .comment       0x0000000000000050       0x51 ./Core/Src/stm32l0xx_it.o
 .comment       0x0000000000000050       0x51 ./Core/Src/system_stm32l0xx.o
 .comment       0x0000000000000050       0x51 ./Drivers/STM32L0xx_HAL_Driver/Src/stm32l0xx_ll_adc.o
 .comment       0x0000000000000050       0x51 ./Drivers/STM32L0xx_HAL_Driver/Src/stm32l0xx_ll_gpio.o
 .comment       0x0000000000000050       0x51 ./Drivers/STM32L0xx_HAL_Driver/Src/stm32l0xx_ll_rcc.o
 .comment       0x0000000000000050       0x51 ./Drivers/STM32L0xx_HAL_Driver/Src/stm32l0xx_ll_spi.o
 .comment       0x0000000000000050       0x51 ./Drivers/STM32L0xx_HAL_Driver/Src/stm32l0xx_ll_tim.o
 .comment       0x0000000000000050       0x51 ./Drivers/STM32L0xx_HAL_Driver/Src/stm32l0xx_ll_usart.o
 .comment       0x0000000000000050       0x51 ./Drivers/STM32L0xx_HAL_Driver/Src/stm32l0xx_ll_utils.o

.debug_frame    0x0000000000000000     0x1a4c
 .debug_frame   0x0000000000000000       0xc8 ./Core/Src/Led.o
 .debug_frame   0x00000000000000c8       0x8c ./Core/Src/Serial.o
 .debug_frame   0x0000000000000154       0x6c ./Core/Src/TimeBase.o
 .debug_frame   0x00000000000001c0      0x580 ./Core/Src/main.o
 .debug_frame   0x0000000000000740       0xf4 ./Core/Src/stm32l0xx_it.o
 .debug_frame   0x0000000000000834       0x4c ./Core/Src/system_stm32l0xx.o
 .debug_frame   0x0000000000000880      0x250 ./Drivers/STM32L0xx_HAL_Driver/Src/stm32l0xx_ll_adc.o
 .debug_frame   0x0000000000000ad0      0x170 ./Drivers/STM32L0xx_HAL_Driver/Src/stm32l0xx_ll_gpio.o
 .debug_frame   0x0000000000000c40      0x42c ./Drivers/STM32L0xx_HAL_Driver/Src/stm32l0xx_ll_rcc.o
 .debug_frame   0x000000000000106c       0xf0 ./Drivers/STM32L0xx_HAL_Driver/Src/stm32l0xx_ll_spi.o
 .debug_frame   0x000000000000115c      0x3b0 ./Drivers/STM32L0xx_HAL_Driver/Src/stm32l0xx_ll_tim.o
 .debug_frame   0x000000000000150c      0x190 ./Drivers/STM32L0xx_HAL_Driver/Src/stm32l0xx_ll_usart.o
 .debug_frame   0x000000000000169c      0x344 ./Drivers/STM32L0xx_HAL_Driver/Src/stm32l0xx_ll_utils.o
 .debug_frame   0x00000000000019e0       0x2c c:/st/stm32cubeide_1.9.0/stm32cubeide/plugins/com.st.stm32cube.ide.mcu.externaltools.gnu-tools-for-stm32.10.3-2021.10.win32_1.0.0.202111181127/tools/bin/../lib/gcc/arm-none-eabi/10.3.1/../../../../arm-none-eabi/lib/thumb/v6-m/nofp\libc_nano.a(lib_a-init.o)
 .debug_frame   0x0000000000001a0c       0x20 c:/st/stm32cubeide_1.9.0/stm32cubeide/plugins/com.st.stm32cube.ide.mcu.externaltools.gnu-tools-for-stm32.10.3-2021.10.win32_1.0.0.202111181127/tools/bin/../lib/gcc/arm-none-eabi/10.3.1/../../../../arm-none-eabi/lib/thumb/v6-m/nofp\libc_nano.a(lib_a-memset.o)
 .debug_frame   0x0000000000001a2c       0x20 c:/st/stm32cubeide_1.9.0/stm32cubeide/plugins/com.st.stm32cube.ide.mcu.externaltools.gnu-tools-for-stm32.10.3-2021.10.win32_1.0.0.202111181127/tools/bin/../lib/gcc/arm-none-eabi/10.3.1/thumb/v6-m/nofp\libgcc.a(_udivsi3.o)
