16:26:49 **** Incremental Build of configuration Debug for project SAM ****
make -j4 all 
arm-none-eabi-gcc "../Core/Src/TimeBase.c" -mcpu=cortex-m0plus -std=gnu11 -g3 -DDEBUG -DSTM32L021xx -DUSE_FULL_LL_DRIVER -DHSE_VALUE=8000000 -DHSE_STARTUP_TIMEOUT=100 -DLSE_STARTUP_TIMEOUT=5000 -DLSE_VALUE=32768 -DMSI_VALUE=2097000 -DHSI_VALUE=16000000 -DLSI_VALUE=37000 -DVDD_VALUE=3300 -DPREFETCH_ENABLE=0 -DINSTRUCTION_CACHE_ENABLE=1 -DDATA_CACHE_ENABLE=1 -c -I../Core/Inc -I../Drivers/STM32L0xx_HAL_Driver/Inc -I../Drivers/CMSIS/Device/ST/STM32L0xx/Include -I../Drivers/CMSIS/Include -O0 -ffunction-sections -fdata-sections -Wall -fstack-usage -MMD -MP -MF"Core/Src/TimeBase.d" -MT"Core/Src/TimeBase.o" --specs=nano.specs -mfloat-abi=soft -mthumb -o "Core/Src/TimeBase.o"
arm-none-eabi-gcc "../Core/Src/main.c" -mcpu=cortex-m0plus -std=gnu11 -g3 -DDEBUG -DSTM32L021xx -DUSE_FULL_LL_DRIVER -DHSE_VALUE=8000000 -DHSE_STARTUP_TIMEOUT=100 -DLSE_STARTUP_TIMEOUT=5000 -DLSE_VALUE=32768 -DMSI_VALUE=2097000 -DHSI_VALUE=16000000 -DLSI_VALUE=37000 -DVDD_VALUE=3300 -DPREFETCH_ENABLE=0 -DINSTRUCTION_CACHE_ENABLE=1 -DDATA_CACHE_ENABLE=1 -c -I../Core/Inc -I../Drivers/STM32L0xx_HAL_Driver/Inc -I../Drivers/CMSIS/Device/ST/STM32L0xx/Include -I../Drivers/CMSIS/Include -O0 -ffunction-sections -fdata-sections -Wall -fstack-usage -MMD -MP -MF"Core/Src/main.d" -MT"Core/Src/main.o" --specs=nano.specs -mfloat-abi=soft -mthumb -o "Core/Src/main.o"
arm-none-eabi-gcc "../Core/Src/stm32l0xx_it.c" -mcpu=cortex-m0plus -std=gnu11 -g3 -DDEBUG -DSTM32L021xx -DUSE_FULL_LL_DRIVER -DHSE_VALUE=8000000 -DHSE_STARTUP_TIMEOUT=100 -DLSE_STARTUP_TIMEOUT=5000 -DLSE_VALUE=32768 -DMSI_VALUE=2097000 -DHSI_VALUE=16000000 -DLSI_VALUE=37000 -DVDD_VALUE=3300 -DPREFETCH_ENABLE=0 -DINSTRUCTION_CACHE_ENABLE=1 -DDATA_CACHE_ENABLE=1 -c -I../Core/Inc -I../Drivers/STM32L0xx_HAL_Driver/Inc -I../Drivers/CMSIS/Device/ST/STM32L0xx/Include -I../Drivers/CMSIS/Include -O0 -ffunction-sections -fdata-sections -Wall -fstack-usage -MMD -MP -MF"Core/Src/stm32l0xx_it.d" -MT"Core/Src/stm32l0xx_it.o" --specs=nano.specs -mfloat-abi=soft -mthumb -o "Core/Src/stm32l0xx_it.o"
../Core/Src/stm32l0xx_it.c: In function 'TIM21_IRQHandler':
../Core/Src/stm32l0xx_it.c:164:2: warning: implicit declaration of function 'LedPulse' [-Wimplicit-function-declaration]
  164 |  LedPulse();
      |  ^~~~~~~~
../Core/Src/main.c: In function 'main':
../Core/Src/main.c:104:3: warning: implicit declaration of function 'TimeBaseStartIT' [-Wimplicit-function-declaration]
  104 |   TimeBaseStartIT();
      |   ^~~~~~~~~~~~~~~
arm-none-eabi-gcc -o "SAM.elf" @"objects.list"   -mcpu=cortex-m0plus -T"C:\ST\ENSEA\sysAmic\SAM\STM32L021K4TX_FLASH.ld" --specs=nosys.specs -Wl,-Map="SAM.map" -Wl,--gc-sections -static --specs=nano.specs -mfloat-abi=soft -mthumb -Wl,--start-group -lc -lm -Wl,--end-group
Finished building target: SAM.elf
 
arm-none-eabi-size   SAM.elf 
arm-none-eabi-objdump -h -S  SAM.elf  > "SAM.list"
   text	   data	    bss	    dec	    hex	filename
   8036	     16	   1568	   9620	   2594	SAM.elf
Finished building: default.size.stdout
 
Finished building: SAM.list
 
16:29:52 **** Incremental Build of configuration Debug for project SAM ****
make -j4 all 
arm-none-eabi-gcc "../Core/Src/main.c" -mcpu=cortex-m0plus -std=gnu11 -g3 -DDEBUG -DSTM32L021xx -DUSE_FULL_LL_DRIVER -DHSE_VALUE=8000000 -DHSE_STARTUP_TIMEOUT=100 -DLSE_STARTUP_TIMEOUT=5000 -DLSE_VALUE=32768 -DMSI_VALUE=2097000 -DHSI_VALUE=16000000 -DLSI_VALUE=37000 -DVDD_VALUE=3300 -DPREFETCH_ENABLE=0 -DINSTRUCTION_CACHE_ENABLE=1 -DDATA_CACHE_ENABLE=1 -c -I../Core/Inc -I../Drivers/STM32L0xx_HAL_Driver/Inc -I../Drivers/CMSIS/Device/ST/STM32L0xx/Include -I../Drivers/CMSIS/Include -O0 -ffunction-sections -fdata-sections -Wall -fstack-usage -MMD -MP -MF"Core/Src/main.d" -MT"Core/Src/main.o" --specs=nano.specs -mfloat-abi=soft -mthumb -o "Core/Src/main.o"
arm-none-eabi-gcc "../Core/Src/stm32l0xx_it.c" -mcpu=cortex-m0plus -std=gnu11 -g3 -DDEBUG -DSTM32L021xx -DUSE_FULL_LL_DRIVER -DHSE_VALUE=8000000 -DHSE_STARTUP_TIMEOUT=100 -DLSE_STARTUP_TIMEOUT=5000 -DLSE_VALUE=32768 -DMSI_VALUE=2097000 -DHSI_VALUE=16000000 -DLSI_VALUE=37000 -DVDD_VALUE=3300 -DPREFETCH_ENABLE=0 -DINSTRUCTION_CACHE_ENABLE=1 -DDATA_CACHE_ENABLE=1 -c -I../Core/Inc -I../Drivers/STM32L0xx_HAL_Driver/Inc -I../Drivers/CMSIS/Device/ST/STM32L0xx/Include -I../Drivers/CMSIS/Include -O0 -ffunction-sections -fdata-sections -Wall -fstack-usage -MMD -MP -MF"Core/Src/stm32l0xx_it.d" -MT"Core/Src/stm32l0xx_it.o" --specs=nano.specs -mfloat-abi=soft -mthumb -o "Core/Src/stm32l0xx_it.o"
arm-none-eabi-gcc -o "SAM.elf" @"objects.list"   -mcpu=cortex-m0plus -T"C:\ST\ENSEA\sysAmic\SAM\STM32L021K4TX_FLASH.ld" --specs=nosys.specs -Wl,-Map="SAM.map" -Wl,--gc-sections -static --specs=nano.specs -mfloat-abi=soft -mthumb -Wl,--start-group -lc -lm -Wl,--end-group
Finished building target: SAM.elf
 
arm-none-eabi-size   SAM.elf 
arm-none-eabi-objdump -h -S  SAM.elf  > "SAM.list"
   text	   data	    bss	    dec	    hex	filename
   8036	     16	   1568	   9620	   2594	SAM.elf
Finished building: default.size.stdout
 
Finished building: SAM.list
 
16:29:55 **** Incremental Build of configuration Debug for project test ****
make -j4 all 
arm-none-eabi-size   test.elf 
   text	   data	    bss	    dec	    hex	filename
   6172	     20	   1572	   7764	   1e54	test.elf
Finished building: default.size.stdout
 
16:31:42 **** Incremental Build of configuration Debug for project SAM ****
make -j4 all 
arm-none-eabi-size   SAM.elf 
   text	   data	    bss	    dec	    hex	filename
   8036	     16	   1568	   9620	   2594	SAM.elf
Finished building: default.size.stdout
 
16:34:30 **** Incremental Build of configuration Debug for project SAM ****
make -j4 all 
arm-none-eabi-gcc "../Core/Src/stm32l0xx_it.c" -mcpu=cortex-m0plus -std=gnu11 -g3 -DDEBUG -DSTM32L021xx -DUSE_FULL_LL_DRIVER -DHSE_VALUE=8000000 -DHSE_STARTUP_TIMEOUT=100 -DLSE_STARTUP_TIMEOUT=5000 -DLSE_VALUE=32768 -DMSI_VALUE=2097000 -DHSI_VALUE=16000000 -DLSI_VALUE=37000 -DVDD_VALUE=3300 -DPREFETCH_ENABLE=0 -DINSTRUCTION_CACHE_ENABLE=1 -DDATA_CACHE_ENABLE=1 -c -I../Core/Inc -I../Drivers/STM32L0xx_HAL_Driver/Inc -I../Drivers/CMSIS/Device/ST/STM32L0xx/Include -I../Drivers/CMSIS/Include -O0 -ffunction-sections -fdata-sections -Wall -fstack-usage -MMD -MP -MF"Core/Src/stm32l0xx_it.d" -MT"Core/Src/stm32l0xx_it.o" --specs=nano.specs -mfloat-abi=soft -mthumb -o "Core/Src/stm32l0xx_it.o"
arm-none-eabi-gcc -o "SAM.elf" @"objects.list"   -mcpu=cortex-m0plus -T"C:\ST\ENSEA\sysAmic\SAM\STM32L021K4TX_FLASH.ld" --specs=nosys.specs -Wl,-Map="SAM.map" -Wl,--gc-sections -static --specs=nano.specs -mfloat-abi=soft -mthumb -Wl,--start-group -lc -lm -Wl,--end-group
Finished building target: SAM.elf
 
arm-none-eabi-size   SAM.elf 
arm-none-eabi-objdump -h -S  SAM.elf  > "SAM.list"
   text	   data	    bss	    dec	    hex	filename
   8076	     16	   1568	   9660	   25bc	SAM.elf
Finished building: default.size.stdout
 
Finished building: SAM.list
 
16:47:18 **** Incremental Build of configuration Debug for project SAM ****
make -j4 all 
arm-none-eabi-gcc "../Core/Src/Led.c" -mcpu=cortex-m0plus -std=gnu11 -g3 -DDEBUG -DSTM32L021xx -DUSE_FULL_LL_DRIVER -DHSE_VALUE=8000000 -DHSE_STARTUP_TIMEOUT=100 -DLSE_STARTUP_TIMEOUT=5000 -DLSE_VALUE=32768 -DMSI_VALUE=2097000 -DHSI_VALUE=16000000 -DLSI_VALUE=37000 -DVDD_VALUE=3300 -DPREFETCH_ENABLE=0 -DINSTRUCTION_CACHE_ENABLE=1 -DDATA_CACHE_ENABLE=1 -c -I../Core/Inc -I../Drivers/STM32L0xx_HAL_Driver/Inc -I../Drivers/CMSIS/Device/ST/STM32L0xx/Include -I../Drivers/CMSIS/Include -O0 -ffunction-sections -fdata-sections -Wall -fstack-usage -MMD -MP -MF"Core/Src/Led.d" -MT"Core/Src/Led.o" --specs=nano.specs -mfloat-abi=soft -mthumb -o "Core/Src/Led.o"
arm-none-eabi-gcc "../Core/Src/Serial.c" -mcpu=cortex-m0plus -std=gnu11 -g3 -DDEBUG -DSTM32L021xx -DUSE_FULL_LL_DRIVER -DHSE_VALUE=8000000 -DHSE_STARTUP_TIMEOUT=100 -DLSE_STARTUP_TIMEOUT=5000 -DLSE_VALUE=32768 -DMSI_VALUE=2097000 -DHSI_VALUE=16000000 -DLSI_VALUE=37000 -DVDD_VALUE=3300 -DPREFETCH_ENABLE=0 -DINSTRUCTION_CACHE_ENABLE=1 -DDATA_CACHE_ENABLE=1 -c -I../Core/Inc -I../Drivers/STM32L0xx_HAL_Driver/Inc -I../Drivers/CMSIS/Device/ST/STM32L0xx/Include -I../Drivers/CMSIS/Include -O0 -ffunction-sections -fdata-sections -Wall -fstack-usage -MMD -MP -MF"Core/Src/Serial.d" -MT"Core/Src/Serial.o" --specs=nano.specs -mfloat-abi=soft -mthumb -o "Core/Src/Serial.o"
arm-none-eabi-gcc "../Core/Src/TimeBase.c" -mcpu=cortex-m0plus -std=gnu11 -g3 -DDEBUG -DSTM32L021xx -DUSE_FULL_LL_DRIVER -DHSE_VALUE=8000000 -DHSE_STARTUP_TIMEOUT=100 -DLSE_STARTUP_TIMEOUT=5000 -DLSE_VALUE=32768 -DMSI_VALUE=2097000 -DHSI_VALUE=16000000 -DLSI_VALUE=37000 -DVDD_VALUE=3300 -DPREFETCH_ENABLE=0 -DINSTRUCTION_CACHE_ENABLE=1 -DDATA_CACHE_ENABLE=1 -c -I../Core/Inc -I../Drivers/STM32L0xx_HAL_Driver/Inc -I../Drivers/CMSIS/Device/ST/STM32L0xx/Include -I../Drivers/CMSIS/Include -O0 -ffunction-sections -fdata-sections -Wall -fstack-usage -MMD -MP -MF"Core/Src/TimeBase.d" -MT"Core/Src/TimeBase.o" --specs=nano.specs -mfloat-abi=soft -mthumb -o "Core/Src/TimeBase.o"
arm-none-eabi-gcc "../Core/Src/main.c" -mcpu=cortex-m0plus -std=gnu11 -g3 -DDEBUG -DSTM32L021xx -DUSE_FULL_LL_DRIVER -DHSE_VALUE=8000000 -DHSE_STARTUP_TIMEOUT=100 -DLSE_STARTUP_TIMEOUT=5000 -DLSE_VALUE=32768 -DMSI_VALUE=2097000 -DHSI_VALUE=16000000 -DLSI_VALUE=37000 -DVDD_VALUE=3300 -DPREFETCH_ENABLE=0 -DINSTRUCTION_CACHE_ENABLE=1 -DDATA_CACHE_ENABLE=1 -c -I../Core/Inc -I../Drivers/STM32L0xx_HAL_Driver/Inc -I../Drivers/CMSIS/Device/ST/STM32L0xx/Include -I../Drivers/CMSIS/Include -O0 -ffunction-sections -fdata-sections -Wall -fstack-usage -MMD -MP -MF"Core/Src/main.d" -MT"Core/Src/main.o" --specs=nano.specs -mfloat-abi=soft -mthumb -o "Core/Src/main.o"
In file included from ../Core/Src/Serial.c:9:
../Core/Inc/Serial.h:13:1: error: unknown type name 'uint8_t'
   13 | uint8_t SerialTransmit(char * pData, uint16_t Size);
      | ^~~~~~~
../Core/Inc/Serial.h:13:38: error: unknown type name 'uint16_t'
   13 | uint8_t SerialTransmit(char * pData, uint16_t Size);
      |                                      ^~~~~~~~
../Core/Src/Serial.c:13:1: error: unknown type name 'uint8_t'
   13 | uint8_t SerialTransmit(char * pData, uint16_t Size){
      | ^~~~~~~
../Core/Src/Serial.c:13:38: error: unknown type name 'uint16_t'
   13 | uint8_t SerialTransmit(char * pData, uint16_t Size){
      |                                      ^~~~~~~~
make: *** [Core/Src/subdir.mk:40: Core/Src/Serial.o] Error 1
make: *** Waiting for unfinished jobs....
"make -j4 all" terminated with exit code 2. Build might be incomplete.
16:47:21 **** Incremental Build of configuration Debug for project test ****
make -j4 all 
arm-none-eabi-size   test.elf 
   text	   data	    bss	    dec	    hex	filename
   6172	     20	   1572	   7764	   1e54	test.elf
Finished building: default.size.stdout
 
16:47:29 **** Incremental Build of configuration Debug for project SAM ****
make -j4 all 
arm-none-eabi-gcc "../Core/Src/Serial.c" -mcpu=cortex-m0plus -std=gnu11 -g3 -DDEBUG -DSTM32L021xx -DUSE_FULL_LL_DRIVER -DHSE_VALUE=8000000 -DHSE_STARTUP_TIMEOUT=100 -DLSE_STARTUP_TIMEOUT=5000 -DLSE_VALUE=32768 -DMSI_VALUE=2097000 -DHSI_VALUE=16000000 -DLSI_VALUE=37000 -DVDD_VALUE=3300 -DPREFETCH_ENABLE=0 -DINSTRUCTION_CACHE_ENABLE=1 -DDATA_CACHE_ENABLE=1 -c -I../Core/Inc -I../Drivers/STM32L0xx_HAL_Driver/Inc -I../Drivers/CMSIS/Device/ST/STM32L0xx/Include -I../Drivers/CMSIS/Include -O0 -ffunction-sections -fdata-sections -Wall -fstack-usage -MMD -MP -MF"Core/Src/Serial.d" -MT"Core/Src/Serial.o" --specs=nano.specs -mfloat-abi=soft -mthumb -o "Core/Src/Serial.o"
arm-none-eabi-gcc "../Core/Src/stm32l0xx_it.c" -mcpu=cortex-m0plus -std=gnu11 -g3 -DDEBUG -DSTM32L021xx -DUSE_FULL_LL_DRIVER -DHSE_VALUE=8000000 -DHSE_STARTUP_TIMEOUT=100 -DLSE_STARTUP_TIMEOUT=5000 -DLSE_VALUE=32768 -DMSI_VALUE=2097000 -DHSI_VALUE=16000000 -DLSI_VALUE=37000 -DVDD_VALUE=3300 -DPREFETCH_ENABLE=0 -DINSTRUCTION_CACHE_ENABLE=1 -DDATA_CACHE_ENABLE=1 -c -I../Core/Inc -I../Drivers/STM32L0xx_HAL_Driver/Inc -I../Drivers/CMSIS/Device/ST/STM32L0xx/Include -I../Drivers/CMSIS/Include -O0 -ffunction-sections -fdata-sections -Wall -fstack-usage -MMD -MP -MF"Core/Src/stm32l0xx_it.d" -MT"Core/Src/stm32l0xx_it.o" --specs=nano.specs -mfloat-abi=soft -mthumb -o "Core/Src/stm32l0xx_it.o"
arm-none-eabi-gcc "../Core/Src/syscalls.c" -mcpu=cortex-m0plus -std=gnu11 -g3 -DDEBUG -DSTM32L021xx -DUSE_FULL_LL_DRIVER -DHSE_VALUE=8000000 -DHSE_STARTUP_TIMEOUT=100 -DLSE_STARTUP_TIMEOUT=5000 -DLSE_VALUE=32768 -DMSI_VALUE=2097000 -DHSI_VALUE=16000000 -DLSI_VALUE=37000 -DVDD_VALUE=3300 -DPREFETCH_ENABLE=0 -DINSTRUCTION_CACHE_ENABLE=1 -DDATA_CACHE_ENABLE=1 -c -I../Core/Inc -I../Drivers/STM32L0xx_HAL_Driver/Inc -I../Drivers/CMSIS/Device/ST/STM32L0xx/Include -I../Drivers/CMSIS/Include -O0 -ffunction-sections -fdata-sections -Wall -fstack-usage -MMD -MP -MF"Core/Src/syscalls.d" -MT"Core/Src/syscalls.o" --specs=nano.specs -mfloat-abi=soft -mthumb -o "Core/Src/syscalls.o"
arm-none-eabi-gcc "../Core/Src/sysmem.c" -mcpu=cortex-m0plus -std=gnu11 -g3 -DDEBUG -DSTM32L021xx -DUSE_FULL_LL_DRIVER -DHSE_VALUE=8000000 -DHSE_STARTUP_TIMEOUT=100 -DLSE_STARTUP_TIMEOUT=5000 -DLSE_VALUE=32768 -DMSI_VALUE=2097000 -DHSI_VALUE=16000000 -DLSI_VALUE=37000 -DVDD_VALUE=3300 -DPREFETCH_ENABLE=0 -DINSTRUCTION_CACHE_ENABLE=1 -DDATA_CACHE_ENABLE=1 -c -I../Core/Inc -I../Drivers/STM32L0xx_HAL_Driver/Inc -I../Drivers/CMSIS/Device/ST/STM32L0xx/Include -I../Drivers/CMSIS/Include -O0 -ffunction-sections -fdata-sections -Wall -fstack-usage -MMD -MP -MF"Core/Src/sysmem.d" -MT"Core/Src/sysmem.o" --specs=nano.specs -mfloat-abi=soft -mthumb -o "Core/Src/sysmem.o"
In file included from ../Core/Src/Serial.c:9:
../Core/Inc/Serial.h:13:1: error: unknown type name 'uint8_t'
   13 | uint8_t SerialTransmit(char * pData, uint16_t Size);
      | ^~~~~~~
../Core/Inc/Serial.h:13:38: error: unknown type name 'uint16_t'
   13 | uint8_t SerialTransmit(char * pData, uint16_t Size);
      |                                      ^~~~~~~~
../Core/Src/Serial.c:13:1: error: unknown type name 'uint8_t'
   13 | uint8_t SerialTransmit(char * pData, uint16_t Size){
      | ^~~~~~~
../Core/Src/Serial.c:13:38: error: unknown type name 'uint16_t'
   13 | uint8_t SerialTransmit(char * pData, uint16_t Size){
      |                                      ^~~~~~~~
make: *** [Core/Src/subdir.mk:40: Core/Src/Serial.o] Error 1
make: *** Waiting for unfinished jobs....
"make -j4 all" terminated with exit code 2. Build might be incomplete.
16:47:31 **** Incremental Build of configuration Debug for project test ****
make -j4 all 
arm-none-eabi-size   test.elf 
   text	   data	    bss	    dec	    hex	filename
   6172	     20	   1572	   7764	   1e54	test.elf
Finished building: default.size.stdout
 
16:47:57 **** Incremental Build of configuration Debug for project SAM ****
make -j4 all 
arm-none-eabi-gcc "../Core/Src/Serial.c" -mcpu=cortex-m0plus -std=gnu11 -g3 -DDEBUG -DSTM32L021xx -DUSE_FULL_LL_DRIVER -DHSE_VALUE=8000000 -DHSE_STARTUP_TIMEOUT=100 -DLSE_STARTUP_TIMEOUT=5000 -DLSE_VALUE=32768 -DMSI_VALUE=2097000 -DHSI_VALUE=16000000 -DLSI_VALUE=37000 -DVDD_VALUE=3300 -DPREFETCH_ENABLE=0 -DINSTRUCTION_CACHE_ENABLE=1 -DDATA_CACHE_ENABLE=1 -c -I../Core/Inc -I../Drivers/STM32L0xx_HAL_Driver/Inc -I../Drivers/CMSIS/Device/ST/STM32L0xx/Include -I../Drivers/CMSIS/Include -O0 -ffunction-sections -fdata-sections -Wall -fstack-usage -MMD -MP -MF"Core/Src/Serial.d" -MT"Core/Src/Serial.o" --specs=nano.specs -mfloat-abi=soft -mthumb -o "Core/Src/Serial.o"
arm-none-eabi-gcc "../Core/Src/system_stm32l0xx.c" -mcpu=cortex-m0plus -std=gnu11 -g3 -DDEBUG -DSTM32L021xx -DUSE_FULL_LL_DRIVER -DHSE_VALUE=8000000 -DHSE_STARTUP_TIMEOUT=100 -DLSE_STARTUP_TIMEOUT=5000 -DLSE_VALUE=32768 -DMSI_VALUE=2097000 -DHSI_VALUE=16000000 -DLSI_VALUE=37000 -DVDD_VALUE=3300 -DPREFETCH_ENABLE=0 -DINSTRUCTION_CACHE_ENABLE=1 -DDATA_CACHE_ENABLE=1 -c -I../Core/Inc -I../Drivers/STM32L0xx_HAL_Driver/Inc -I../Drivers/CMSIS/Device/ST/STM32L0xx/Include -I../Drivers/CMSIS/Include -O0 -ffunction-sections -fdata-sections -Wall -fstack-usage -MMD -MP -MF"Core/Src/system_stm32l0xx.d" -MT"Core/Src/system_stm32l0xx.o" --specs=nano.specs -mfloat-abi=soft -mthumb -o "Core/Src/system_stm32l0xx.o"
In file included from ../Core/Src/Serial.c:9:
../Core/Inc/Serial.h:13:1: error: unknown type name 'uint8_t'
   13 | uint8_t SerialTransmit(char * pData, uint16_t Size);
      | ^~~~~~~
../Core/Inc/Serial.h:13:38: error: unknown type name 'uint16_t'
   13 | uint8_t SerialTransmit(char * pData, uint16_t Size);
      |                                      ^~~~~~~~
../Core/Src/Serial.c:13:1: error: unknown type name 'uint8_t'
   13 | uint8_t SerialTransmit(char * pData, uint16_t Size){
      | ^~~~~~~
../Core/Src/Serial.c:13:38: error: unknown type name 'uint16_t'
   13 | uint8_t SerialTransmit(char * pData, uint16_t Size){
      |                                      ^~~~~~~~
make: *** [Core/Src/subdir.mk:40: Core/Src/Serial.o] Error 1
make: *** Waiting for unfinished jobs....
"make -j4 all" terminated with exit code 2. Build might be incomplete.
16:47:58 **** Incremental Build of configuration Debug for project test ****
make -j4 all 
arm-none-eabi-size   test.elf 
   text	   data	    bss	    dec	    hex	filename
   6172	     20	   1572	   7764	   1e54	test.elf
Finished building: default.size.stdout
 
16:48:22 **** Incremental Build of configuration Debug for project SAM ****
make -j4 all 
arm-none-eabi-gcc "../Core/Src/Serial.c" -mcpu=cortex-m0plus -std=gnu11 -g3 -DDEBUG -DSTM32L021xx -DUSE_FULL_LL_DRIVER -DHSE_VALUE=8000000 -DHSE_STARTUP_TIMEOUT=100 -DLSE_STARTUP_TIMEOUT=5000 -DLSE_VALUE=32768 -DMSI_VALUE=2097000 -DHSI_VALUE=16000000 -DLSI_VALUE=37000 -DVDD_VALUE=3300 -DPREFETCH_ENABLE=0 -DINSTRUCTION_CACHE_ENABLE=1 -DDATA_CACHE_ENABLE=1 -c -I../Core/Inc -I../Drivers/STM32L0xx_HAL_Driver/Inc -I../Drivers/CMSIS/Device/ST/STM32L0xx/Include -I../Drivers/CMSIS/Include -O0 -ffunction-sections -fdata-sections -Wall -fstack-usage -MMD -MP -MF"Core/Src/Serial.d" -MT"Core/Src/Serial.o" --specs=nano.specs -mfloat-abi=soft -mthumb -o "Core/Src/Serial.o"
In file included from ../Core/Src/Serial.c:9:
../Core/Inc/Serial.h:11:10: error: #include expects "FILENAME" or <FILENAME>
   11 | #include main.h
      |          ^~~~
../Core/Inc/Serial.h:14:1: error: unknown type name 'uint8_t'
   14 | uint8_t SerialTransmit(char * pData, uint16_t Size);
      | ^~~~~~~
../Core/Inc/Serial.h:14:38: error: unknown type name 'uint16_t'
   14 | uint8_t SerialTransmit(char * pData, uint16_t Size);
      |                                      ^~~~~~~~
../Core/Src/Serial.c:14:1: error: unknown type name 'uint8_t'
   14 | uint8_t SerialTransmit(char * pData, uint16_t Size){
      | ^~~~~~~
../Core/Src/Serial.c:14:38: error: unknown type name 'uint16_t'
   14 | uint8_t SerialTransmit(char * pData, uint16_t Size){
      |                                      ^~~~~~~~
make: *** [Core/Src/subdir.mk:40: Core/Src/Serial.o] Error 1
"make -j4 all" terminated with exit code 2. Build might be incomplete.
16:48:23 **** Incremental Build of configuration Debug for project test ****
make -j4 all 
arm-none-eabi-size   test.elf 
   text	   data	    bss	    dec	    hex	filename
   6172	     20	   1572	   7764	   1e54	test.elf
Finished building: default.size.stdout
 
16:48:35 **** Incremental Build of configuration Debug for project SAM ****
make -j4 all 
arm-none-eabi-gcc "../Core/Src/Serial.c" -mcpu=cortex-m0plus -std=gnu11 -g3 -DDEBUG -DSTM32L021xx -DUSE_FULL_LL_DRIVER -DHSE_VALUE=8000000 -DHSE_STARTUP_TIMEOUT=100 -DLSE_STARTUP_TIMEOUT=5000 -DLSE_VALUE=32768 -DMSI_VALUE=2097000 -DHSI_VALUE=16000000 -DLSI_VALUE=37000 -DVDD_VALUE=3300 -DPREFETCH_ENABLE=0 -DINSTRUCTION_CACHE_ENABLE=1 -DDATA_CACHE_ENABLE=1 -c -I../Core/Inc -I../Drivers/STM32L0xx_HAL_Driver/Inc -I../Drivers/CMSIS/Device/ST/STM32L0xx/Include -I../Drivers/CMSIS/Include -O0 -ffunction-sections -fdata-sections -Wall -fstack-usage -MMD -MP -MF"Core/Src/Serial.d" -MT"Core/Src/Serial.o" --specs=nano.specs -mfloat-abi=soft -mthumb -o "Core/Src/Serial.o"
../Core/Src/Serial.c: In function 'SerialTransmit':
../Core/Src/Serial.c:15:5: error: expected '(' before '{' token
   15 |  for{uint16_t i = 0; i< Size-1;i++)
      |     ^
      |     (
../Core/Src/Serial.c:15:22: error: 'i' undeclared (first use in this function)
   15 |  for{uint16_t i = 0; i< Size-1;i++)
      |                      ^
../Core/Src/Serial.c:15:22: note: each undeclared identifier is reported only once for each function it appears in
../Core/Src/Serial.c:15:35: error: expected ';' before ')' token
   15 |  for{uint16_t i = 0; i< Size-1;i++)
      |                                   ^
      |                                   ;
../Core/Src/Serial.c:15:35: error: expected statement before ')' token
../Core/Src/Serial.c: In function 'SerialReceiveChar':
../Core/Src/Serial.c:23:1: warning: no return statement in function returning non-void [-Wreturn-type]
   23 | }
      | ^
../Core/Src/Serial.c: In function 'SerialTransmit':
../Core/Src/Serial.c:23:1: error: expected declaration or statement at end of input
../Core/Src/Serial.c:24: warning: control reaches end of non-void function [-Wreturn-type]
At top level:
../Core/Src/Serial.c:20:6: warning: 'SerialReceiveChar' defined but not used [-Wunused-function]
   20 | char SerialReceiveChar(void){
      |      ^~~~~~~~~~~~~~~~~
make: *** [Core/Src/subdir.mk:40: Core/Src/Serial.o] Error 1
"make -j4 all" terminated with exit code 2. Build might be incomplete.
16:48:36 **** Incremental Build of configuration Debug for project test ****
make -j4 all 
arm-none-eabi-size   test.elf 
   text	   data	    bss	    dec	    hex	filename
   6172	     20	   1572	   7764	   1e54	test.elf
Finished building: default.size.stdout
 
16:49:13 **** Incremental Build of configuration Debug for project SAM ****
make -j4 all 
arm-none-eabi-gcc "../Core/Src/Serial.c" -mcpu=cortex-m0plus -std=gnu11 -g3 -DDEBUG -DSTM32L021xx -DUSE_FULL_LL_DRIVER -DHSE_VALUE=8000000 -DHSE_STARTUP_TIMEOUT=100 -DLSE_STARTUP_TIMEOUT=5000 -DLSE_VALUE=32768 -DMSI_VALUE=2097000 -DHSI_VALUE=16000000 -DLSI_VALUE=37000 -DVDD_VALUE=3300 -DPREFETCH_ENABLE=0 -DINSTRUCTION_CACHE_ENABLE=1 -DDATA_CACHE_ENABLE=1 -c -I../Core/Inc -I../Drivers/STM32L0xx_HAL_Driver/Inc -I../Drivers/CMSIS/Device/ST/STM32L0xx/Include -I../Drivers/CMSIS/Include -O0 -ffunction-sections -fdata-sections -Wall -fstack-usage -MMD -MP -MF"Core/Src/Serial.d" -MT"Core/Src/Serial.o" --specs=nano.specs -mfloat-abi=soft -mthumb -o "Core/Src/Serial.o"
../Core/Src/Serial.c: In function 'SerialTransmit':
../Core/Src/Serial.c:18:1: warning: control reaches end of non-void function [-Wreturn-type]
   18 | }
      | ^
../Core/Src/Serial.c: In function 'SerialReceiveChar':
../Core/Src/Serial.c:23:1: warning: control reaches end of non-void function [-Wreturn-type]
   23 | }
      | ^
arm-none-eabi-gcc -o "SAM.elf" @"objects.list"   -mcpu=cortex-m0plus -T"C:\ST\ENSEA\sysAmic\SAM\STM32L021K4TX_FLASH.ld" --specs=nosys.specs -Wl,-Map="SAM.map" -Wl,--gc-sections -static --specs=nano.specs -mfloat-abi=soft -mthumb -Wl,--start-group -lc -lm -Wl,--end-group
Finished building target: SAM.elf
 
arm-none-eabi-size   SAM.elf 
arm-none-eabi-objdump -h -S  SAM.elf  > "SAM.list"
   text	   data	    bss	    dec	    hex	filename
   8076	     16	   1568	   9660	   25bc	SAM.elf
Finished building: default.size.stdout
 
Finished building: SAM.list
 
16:49:15 **** Incremental Build of configuration Debug for project test ****
make -j4 all 
arm-none-eabi-size   test.elf 
   text	   data	    bss	    dec	    hex	filename
   6172	     20	   1572	   7764	   1e54	test.elf
Finished building: default.size.stdout
 
